Archive member included to satisfy reference by file (symbol)

c:/program files (x86)/gnu tools arm embedded/5.3 2016q1/bin/../lib/gcc/arm-none-eabi/5.3.1/../../../../arm-none-eabi/lib/armv6-m\libc.a(lib_a-exit.o)
                              c:/program files (x86)/gnu tools arm embedded/5.3 2016q1/bin/../lib/gcc/arm-none-eabi/5.3.1/../../../../arm-none-eabi/lib/armv6-m/crt0.o (exit)
c:/program files (x86)/gnu tools arm embedded/5.3 2016q1/bin/../lib/gcc/arm-none-eabi/5.3.1/../../../../arm-none-eabi/lib/armv6-m\libc.a(lib_a-impure.o)
                              c:/program files (x86)/gnu tools arm embedded/5.3 2016q1/bin/../lib/gcc/arm-none-eabi/5.3.1/../../../../arm-none-eabi/lib/armv6-m\libc.a(lib_a-exit.o) (_global_impure_ptr)
c:/program files (x86)/gnu tools arm embedded/5.3 2016q1/bin/../lib/gcc/arm-none-eabi/5.3.1/../../../../arm-none-eabi/lib/armv6-m\libc.a(lib_a-init.o)
                              c:/program files (x86)/gnu tools arm embedded/5.3 2016q1/bin/../lib/gcc/arm-none-eabi/5.3.1/../../../../arm-none-eabi/lib/armv6-m/crt0.o (__libc_init_array)
c:/program files (x86)/gnu tools arm embedded/5.3 2016q1/bin/../lib/gcc/arm-none-eabi/5.3.1/../../../../arm-none-eabi/lib/armv6-m\libc.a(lib_a-memset.o)
                              c:/program files (x86)/gnu tools arm embedded/5.3 2016q1/bin/../lib/gcc/arm-none-eabi/5.3.1/../../../../arm-none-eabi/lib/armv6-m/crt0.o (memset)
c:/program files (x86)/gnu tools arm embedded/5.3 2016q1/bin/../lib/gcc/arm-none-eabi/5.3.1/../../../../arm-none-eabi/lib/armv6-m\libc.a(lib_a-__call_atexit.o)
                              c:/program files (x86)/gnu tools arm embedded/5.3 2016q1/bin/../lib/gcc/arm-none-eabi/5.3.1/../../../../arm-none-eabi/lib/armv6-m\libc.a(lib_a-exit.o) (__call_exitprocs)
c:/program files (x86)/gnu tools arm embedded/5.3 2016q1/bin/../lib/gcc/arm-none-eabi/5.3.1/../../../../arm-none-eabi/lib/armv6-m\libc.a(lib_a-atexit.o)
                              c:/program files (x86)/gnu tools arm embedded/5.3 2016q1/bin/../lib/gcc/arm-none-eabi/5.3.1/../../../../arm-none-eabi/lib/armv6-m\libc.a(lib_a-__call_atexit.o) (atexit)
c:/program files (x86)/gnu tools arm embedded/5.3 2016q1/bin/../lib/gcc/arm-none-eabi/5.3.1/../../../../arm-none-eabi/lib/armv6-m\libc.a(lib_a-fini.o)
                              c:/program files (x86)/gnu tools arm embedded/5.3 2016q1/bin/../lib/gcc/arm-none-eabi/5.3.1/../../../../arm-none-eabi/lib/armv6-m\libc.a(lib_a-__call_atexit.o) (__libc_fini_array)
c:/program files (x86)/gnu tools arm embedded/5.3 2016q1/bin/../lib/gcc/arm-none-eabi/5.3.1/../../../../arm-none-eabi/lib/armv6-m\libc.a(lib_a-__atexit.o)
                              c:/program files (x86)/gnu tools arm embedded/5.3 2016q1/bin/../lib/gcc/arm-none-eabi/5.3.1/../../../../arm-none-eabi/lib/armv6-m\libc.a(lib_a-atexit.o) (__register_exitproc)
c:/program files (x86)/gnu tools arm embedded/5.3 2016q1/bin/../lib/gcc/arm-none-eabi/5.3.1/armv6-m\libgcc.a(_thumb1_case_uqi.o)
                              ..\obj\stm32f0xx_hal_uart.o (__gnu_thumb1_case_uqi)
c:/program files (x86)/gnu tools arm embedded/5.3 2016q1/bin/../lib/gcc/arm-none-eabi/5.3.1/armv6-m\libgcc.a(_udivsi3.o)
                              ..\obj\stm32f0xx_hal_uart.o (__aeabi_uidiv)
c:/program files (x86)/gnu tools arm embedded/5.3 2016q1/bin/../lib/gcc/arm-none-eabi/5.3.1/armv6-m\libgcc.a(_dvmd_tls.o)
                              c:/program files (x86)/gnu tools arm embedded/5.3 2016q1/bin/../lib/gcc/arm-none-eabi/5.3.1/armv6-m\libgcc.a(_udivsi3.o) (__aeabi_idiv0)
c:/program files (x86)/gnu tools arm embedded/5.3 2016q1/bin/../lib/gcc/arm-none-eabi/5.3.1/armv6-m\libgcc.a(_lshrdi3.o)
                              ..\obj\stm32f0xx_hal_flash.o (__aeabi_llsr)
c:/program files (x86)/gnu tools arm embedded/5.3 2016q1/bin/../lib/gcc/arm-none-eabi/5.3.1/../../../../arm-none-eabi/lib/armv6-m\libg.a(lib_a-itoa.o)
                              ..\obj\main.o (itoa)
c:/program files (x86)/gnu tools arm embedded/5.3 2016q1/bin/../lib/gcc/arm-none-eabi/5.3.1/../../../../arm-none-eabi/lib/armv6-m\libg.a(lib_a-strcat.o)
                              ..\obj\main.o (strcat)
c:/program files (x86)/gnu tools arm embedded/5.3 2016q1/bin/../lib/gcc/arm-none-eabi/5.3.1/../../../../arm-none-eabi/lib/armv6-m\libg.a(lib_a-strcpy.o)
                              c:/program files (x86)/gnu tools arm embedded/5.3 2016q1/bin/../lib/gcc/arm-none-eabi/5.3.1/../../../../arm-none-eabi/lib/armv6-m\libg.a(lib_a-strcat.o) (strcpy)
c:/program files (x86)/gnu tools arm embedded/5.3 2016q1/bin/../lib/gcc/arm-none-eabi/5.3.1/../../../../arm-none-eabi/lib/armv6-m\libg.a(lib_a-utoa.o)
                              c:/program files (x86)/gnu tools arm embedded/5.3 2016q1/bin/../lib/gcc/arm-none-eabi/5.3.1/../../../../arm-none-eabi/lib/armv6-m\libg.a(lib_a-itoa.o) (__utoa)

Allocating common symbols
Common symbol       size              file

UartHandle          0x70              ..\obj\main.o
pFlash              0x20              ..\obj\stm32f0xx_hal_flash.o

Discarded input sections

 .text          0x00000000        0x0 c:/program files (x86)/gnu tools arm embedded/5.3 2016q1/bin/../lib/gcc/arm-none-eabi/5.3.1/armv6-m/crti.o
 .data          0x00000000        0x0 c:/program files (x86)/gnu tools arm embedded/5.3 2016q1/bin/../lib/gcc/arm-none-eabi/5.3.1/armv6-m/crti.o
 .bss           0x00000000        0x0 c:/program files (x86)/gnu tools arm embedded/5.3 2016q1/bin/../lib/gcc/arm-none-eabi/5.3.1/armv6-m/crti.o
 .data          0x00000000        0x4 c:/program files (x86)/gnu tools arm embedded/5.3 2016q1/bin/../lib/gcc/arm-none-eabi/5.3.1/armv6-m/crtbegin.o
 .text          0x00000000       0x78 c:/program files (x86)/gnu tools arm embedded/5.3 2016q1/bin/../lib/gcc/arm-none-eabi/5.3.1/../../../../arm-none-eabi/lib/armv6-m/crt0.o
 .data          0x00000000        0x0 c:/program files (x86)/gnu tools arm embedded/5.3 2016q1/bin/../lib/gcc/arm-none-eabi/5.3.1/../../../../arm-none-eabi/lib/armv6-m/crt0.o
 .bss           0x00000000        0x0 c:/program files (x86)/gnu tools arm embedded/5.3 2016q1/bin/../lib/gcc/arm-none-eabi/5.3.1/../../../../arm-none-eabi/lib/armv6-m/crt0.o
 .ARM.extab     0x00000000        0x0 c:/program files (x86)/gnu tools arm embedded/5.3 2016q1/bin/../lib/gcc/arm-none-eabi/5.3.1/../../../../arm-none-eabi/lib/armv6-m/crt0.o
 .ARM.exidx     0x00000000        0x8 c:/program files (x86)/gnu tools arm embedded/5.3 2016q1/bin/../lib/gcc/arm-none-eabi/5.3.1/../../../../arm-none-eabi/lib/armv6-m/crt0.o
 .ARM.attributes
                0x00000000       0x1b c:/program files (x86)/gnu tools arm embedded/5.3 2016q1/bin/../lib/gcc/arm-none-eabi/5.3.1/../../../../arm-none-eabi/lib/armv6-m/crt0.o
 .text          0x00000000        0x0 c:/program files (x86)/gnu tools arm embedded/5.3 2016q1/bin/../lib/gcc/arm-none-eabi/5.3.1/../../../../arm-none-eabi/lib/armv6-m\libc.a(lib_a-exit.o)
 .data          0x00000000        0x0 c:/program files (x86)/gnu tools arm embedded/5.3 2016q1/bin/../lib/gcc/arm-none-eabi/5.3.1/../../../../arm-none-eabi/lib/armv6-m\libc.a(lib_a-exit.o)
 .bss           0x00000000        0x0 c:/program files (x86)/gnu tools arm embedded/5.3 2016q1/bin/../lib/gcc/arm-none-eabi/5.3.1/../../../../arm-none-eabi/lib/armv6-m\libc.a(lib_a-exit.o)
 .text.exit     0x00000000       0x20 c:/program files (x86)/gnu tools arm embedded/5.3 2016q1/bin/../lib/gcc/arm-none-eabi/5.3.1/../../../../arm-none-eabi/lib/armv6-m\libc.a(lib_a-exit.o)
 .debug_frame   0x00000000       0x28 c:/program files (x86)/gnu tools arm embedded/5.3 2016q1/bin/../lib/gcc/arm-none-eabi/5.3.1/../../../../arm-none-eabi/lib/armv6-m\libc.a(lib_a-exit.o)
 .ARM.attributes
                0x00000000       0x2c c:/program files (x86)/gnu tools arm embedded/5.3 2016q1/bin/../lib/gcc/arm-none-eabi/5.3.1/../../../../arm-none-eabi/lib/armv6-m\libc.a(lib_a-exit.o)
 .text          0x00000000        0x0 c:/program files (x86)/gnu tools arm embedded/5.3 2016q1/bin/../lib/gcc/arm-none-eabi/5.3.1/../../../../arm-none-eabi/lib/armv6-m\libc.a(lib_a-impure.o)
 .data          0x00000000        0x0 c:/program files (x86)/gnu tools arm embedded/5.3 2016q1/bin/../lib/gcc/arm-none-eabi/5.3.1/../../../../arm-none-eabi/lib/armv6-m\libc.a(lib_a-impure.o)
 .bss           0x00000000        0x0 c:/program files (x86)/gnu tools arm embedded/5.3 2016q1/bin/../lib/gcc/arm-none-eabi/5.3.1/../../../../arm-none-eabi/lib/armv6-m\libc.a(lib_a-impure.o)
 .data._impure_ptr
                0x00000000        0x4 c:/program files (x86)/gnu tools arm embedded/5.3 2016q1/bin/../lib/gcc/arm-none-eabi/5.3.1/../../../../arm-none-eabi/lib/armv6-m\libc.a(lib_a-impure.o)
 .ARM.attributes
                0x00000000       0x2c c:/program files (x86)/gnu tools arm embedded/5.3 2016q1/bin/../lib/gcc/arm-none-eabi/5.3.1/../../../../arm-none-eabi/lib/armv6-m\libc.a(lib_a-impure.o)
 .text          0x00000000        0x0 c:/program files (x86)/gnu tools arm embedded/5.3 2016q1/bin/../lib/gcc/arm-none-eabi/5.3.1/../../../../arm-none-eabi/lib/armv6-m\libc.a(lib_a-init.o)
 .data          0x00000000        0x0 c:/program files (x86)/gnu tools arm embedded/5.3 2016q1/bin/../lib/gcc/arm-none-eabi/5.3.1/../../../../arm-none-eabi/lib/armv6-m\libc.a(lib_a-init.o)
 .bss           0x00000000        0x0 c:/program files (x86)/gnu tools arm embedded/5.3 2016q1/bin/../lib/gcc/arm-none-eabi/5.3.1/../../../../arm-none-eabi/lib/armv6-m\libc.a(lib_a-init.o)
 .debug_frame   0x00000000       0x2c c:/program files (x86)/gnu tools arm embedded/5.3 2016q1/bin/../lib/gcc/arm-none-eabi/5.3.1/../../../../arm-none-eabi/lib/armv6-m\libc.a(lib_a-init.o)
 .ARM.attributes
                0x00000000       0x2c c:/program files (x86)/gnu tools arm embedded/5.3 2016q1/bin/../lib/gcc/arm-none-eabi/5.3.1/../../../../arm-none-eabi/lib/armv6-m\libc.a(lib_a-init.o)
 .text          0x00000000        0x0 c:/program files (x86)/gnu tools arm embedded/5.3 2016q1/bin/../lib/gcc/arm-none-eabi/5.3.1/../../../../arm-none-eabi/lib/armv6-m\libc.a(lib_a-memset.o)
 .data          0x00000000        0x0 c:/program files (x86)/gnu tools arm embedded/5.3 2016q1/bin/../lib/gcc/arm-none-eabi/5.3.1/../../../../arm-none-eabi/lib/armv6-m\libc.a(lib_a-memset.o)
 .bss           0x00000000        0x0 c:/program files (x86)/gnu tools arm embedded/5.3 2016q1/bin/../lib/gcc/arm-none-eabi/5.3.1/../../../../arm-none-eabi/lib/armv6-m\libc.a(lib_a-memset.o)
 .text.memset   0x00000000       0x8c c:/program files (x86)/gnu tools arm embedded/5.3 2016q1/bin/../lib/gcc/arm-none-eabi/5.3.1/../../../../arm-none-eabi/lib/armv6-m\libc.a(lib_a-memset.o)
 .debug_frame   0x00000000       0x2c c:/program files (x86)/gnu tools arm embedded/5.3 2016q1/bin/../lib/gcc/arm-none-eabi/5.3.1/../../../../arm-none-eabi/lib/armv6-m\libc.a(lib_a-memset.o)
 .ARM.attributes
                0x00000000       0x2c c:/program files (x86)/gnu tools arm embedded/5.3 2016q1/bin/../lib/gcc/arm-none-eabi/5.3.1/../../../../arm-none-eabi/lib/armv6-m\libc.a(lib_a-memset.o)
 .text          0x00000000        0x0 c:/program files (x86)/gnu tools arm embedded/5.3 2016q1/bin/../lib/gcc/arm-none-eabi/5.3.1/../../../../arm-none-eabi/lib/armv6-m\libc.a(lib_a-__call_atexit.o)
 .data          0x00000000        0x0 c:/program files (x86)/gnu tools arm embedded/5.3 2016q1/bin/../lib/gcc/arm-none-eabi/5.3.1/../../../../arm-none-eabi/lib/armv6-m\libc.a(lib_a-__call_atexit.o)
 .bss           0x00000000        0x0 c:/program files (x86)/gnu tools arm embedded/5.3 2016q1/bin/../lib/gcc/arm-none-eabi/5.3.1/../../../../arm-none-eabi/lib/armv6-m\libc.a(lib_a-__call_atexit.o)
 .text.__call_exitprocs
                0x00000000       0xfc c:/program files (x86)/gnu tools arm embedded/5.3 2016q1/bin/../lib/gcc/arm-none-eabi/5.3.1/../../../../arm-none-eabi/lib/armv6-m\libc.a(lib_a-__call_atexit.o)
 .debug_frame   0x00000000       0x54 c:/program files (x86)/gnu tools arm embedded/5.3 2016q1/bin/../lib/gcc/arm-none-eabi/5.3.1/../../../../arm-none-eabi/lib/armv6-m\libc.a(lib_a-__call_atexit.o)
 .ARM.attributes
                0x00000000       0x2c c:/program files (x86)/gnu tools arm embedded/5.3 2016q1/bin/../lib/gcc/arm-none-eabi/5.3.1/../../../../arm-none-eabi/lib/armv6-m\libc.a(lib_a-__call_atexit.o)
 .text          0x00000000        0x0 c:/program files (x86)/gnu tools arm embedded/5.3 2016q1/bin/../lib/gcc/arm-none-eabi/5.3.1/../../../../arm-none-eabi/lib/armv6-m\libc.a(lib_a-atexit.o)
 .data          0x00000000        0x0 c:/program files (x86)/gnu tools arm embedded/5.3 2016q1/bin/../lib/gcc/arm-none-eabi/5.3.1/../../../../arm-none-eabi/lib/armv6-m\libc.a(lib_a-atexit.o)
 .bss           0x00000000        0x0 c:/program files (x86)/gnu tools arm embedded/5.3 2016q1/bin/../lib/gcc/arm-none-eabi/5.3.1/../../../../arm-none-eabi/lib/armv6-m\libc.a(lib_a-atexit.o)
 .debug_frame   0x00000000       0x28 c:/program files (x86)/gnu tools arm embedded/5.3 2016q1/bin/../lib/gcc/arm-none-eabi/5.3.1/../../../../arm-none-eabi/lib/armv6-m\libc.a(lib_a-atexit.o)
 .ARM.attributes
                0x00000000       0x2c c:/program files (x86)/gnu tools arm embedded/5.3 2016q1/bin/../lib/gcc/arm-none-eabi/5.3.1/../../../../arm-none-eabi/lib/armv6-m\libc.a(lib_a-atexit.o)
 .text          0x00000000        0x0 c:/program files (x86)/gnu tools arm embedded/5.3 2016q1/bin/../lib/gcc/arm-none-eabi/5.3.1/../../../../arm-none-eabi/lib/armv6-m\libc.a(lib_a-fini.o)
 .data          0x00000000        0x0 c:/program files (x86)/gnu tools arm embedded/5.3 2016q1/bin/../lib/gcc/arm-none-eabi/5.3.1/../../../../arm-none-eabi/lib/armv6-m\libc.a(lib_a-fini.o)
 .bss           0x00000000        0x0 c:/program files (x86)/gnu tools arm embedded/5.3 2016q1/bin/../lib/gcc/arm-none-eabi/5.3.1/../../../../arm-none-eabi/lib/armv6-m\libc.a(lib_a-fini.o)
 .debug_frame   0x00000000       0x2c c:/program files (x86)/gnu tools arm embedded/5.3 2016q1/bin/../lib/gcc/arm-none-eabi/5.3.1/../../../../arm-none-eabi/lib/armv6-m\libc.a(lib_a-fini.o)
 .ARM.attributes
                0x00000000       0x2c c:/program files (x86)/gnu tools arm embedded/5.3 2016q1/bin/../lib/gcc/arm-none-eabi/5.3.1/../../../../arm-none-eabi/lib/armv6-m\libc.a(lib_a-fini.o)
 .text          0x00000000        0x0 c:/program files (x86)/gnu tools arm embedded/5.3 2016q1/bin/../lib/gcc/arm-none-eabi/5.3.1/../../../../arm-none-eabi/lib/armv6-m\libc.a(lib_a-__atexit.o)
 .data          0x00000000        0x0 c:/program files (x86)/gnu tools arm embedded/5.3 2016q1/bin/../lib/gcc/arm-none-eabi/5.3.1/../../../../arm-none-eabi/lib/armv6-m\libc.a(lib_a-__atexit.o)
 .bss           0x00000000        0x0 c:/program files (x86)/gnu tools arm embedded/5.3 2016q1/bin/../lib/gcc/arm-none-eabi/5.3.1/../../../../arm-none-eabi/lib/armv6-m\libc.a(lib_a-__atexit.o)
 .debug_frame   0x00000000       0x3c c:/program files (x86)/gnu tools arm embedded/5.3 2016q1/bin/../lib/gcc/arm-none-eabi/5.3.1/../../../../arm-none-eabi/lib/armv6-m\libc.a(lib_a-__atexit.o)
 .ARM.attributes
                0x00000000       0x2c c:/program files (x86)/gnu tools arm embedded/5.3 2016q1/bin/../lib/gcc/arm-none-eabi/5.3.1/../../../../arm-none-eabi/lib/armv6-m\libc.a(lib_a-__atexit.o)
 .text          0x00000000      0x354 ..\obj\stm32f0xx_hal_flash.o
 .data          0x00000000        0x0 ..\obj\stm32f0xx_hal_flash.o
 .bss           0x00000000        0x0 ..\obj\stm32f0xx_hal_flash.o
 .debug_info    0x00000000      0x5ae ..\obj\stm32f0xx_hal_flash.o
 .debug_abbrev  0x00000000      0x256 ..\obj\stm32f0xx_hal_flash.o
 .debug_loc     0x00000000      0x24b ..\obj\stm32f0xx_hal_flash.o
 .debug_aranges
                0x00000000       0x20 ..\obj\stm32f0xx_hal_flash.o
 .debug_ranges  0x00000000       0x48 ..\obj\stm32f0xx_hal_flash.o
 .debug_line    0x00000000      0x3a9 ..\obj\stm32f0xx_hal_flash.o
 .debug_str     0x00000000      0x4af ..\obj\stm32f0xx_hal_flash.o
 .comment       0x00000000       0x6f ..\obj\stm32f0xx_hal_flash.o
 .debug_frame   0x00000000      0x138 ..\obj\stm32f0xx_hal_flash.o
 .ARM.attributes
                0x00000000       0x31 ..\obj\stm32f0xx_hal_flash.o
 COMMON         0x00000000       0x20 ..\obj\stm32f0xx_hal_flash.o
 .data          0x00000000        0x0 ..\obj\stm32f0xx_hal_uart.o
 .bss           0x00000000        0x0 ..\obj\stm32f0xx_hal_uart.o
 .text          0x00000000      0xb5c ..\obj\stm32f0xx_hal_usart.o
 .data          0x00000000        0x0 ..\obj\stm32f0xx_hal_usart.o
 .bss           0x00000000        0x0 ..\obj\stm32f0xx_hal_usart.o
 .rodata        0x00000000        0x4 ..\obj\stm32f0xx_hal_usart.o
 .debug_info    0x00000000     0x117d ..\obj\stm32f0xx_hal_usart.o
 .debug_abbrev  0x00000000      0x2c5 ..\obj\stm32f0xx_hal_usart.o
 .debug_loc     0x00000000      0xd53 ..\obj\stm32f0xx_hal_usart.o
 .debug_aranges
                0x00000000       0x20 ..\obj\stm32f0xx_hal_usart.o
 .debug_ranges  0x00000000       0x20 ..\obj\stm32f0xx_hal_usart.o
 .debug_line    0x00000000      0x8f7 ..\obj\stm32f0xx_hal_usart.o
 .debug_str     0x00000000      0x964 ..\obj\stm32f0xx_hal_usart.o
 .comment       0x00000000       0x6f ..\obj\stm32f0xx_hal_usart.o
 .debug_frame   0x00000000      0x330 ..\obj\stm32f0xx_hal_usart.o
 .ARM.attributes
                0x00000000       0x31 ..\obj\stm32f0xx_hal_usart.o
 .text          0x00000000        0x0 ..\obj\stm32f0xx_hal_crc_ex.o
 .data          0x00000000        0x0 ..\obj\stm32f0xx_hal_crc_ex.o
 .bss           0x00000000        0x0 ..\obj\stm32f0xx_hal_crc_ex.o
 .debug_info    0x00000000       0x67 ..\obj\stm32f0xx_hal_crc_ex.o
 .debug_abbrev  0x00000000       0x24 ..\obj\stm32f0xx_hal_crc_ex.o
 .debug_aranges
                0x00000000       0x18 ..\obj\stm32f0xx_hal_crc_ex.o
 .debug_line    0x00000000       0x1d ..\obj\stm32f0xx_hal_crc_ex.o
 .debug_str     0x00000000      0x156 ..\obj\stm32f0xx_hal_crc_ex.o
 .comment       0x00000000       0x6f ..\obj\stm32f0xx_hal_crc_ex.o
 .ARM.attributes
                0x00000000       0x31 ..\obj\stm32f0xx_hal_crc_ex.o
 .text          0x00000000        0x0 ..\obj\stm32f0xx_hal_smartcard_ex.o
 .data          0x00000000        0x0 ..\obj\stm32f0xx_hal_smartcard_ex.o
 .bss           0x00000000        0x0 ..\obj\stm32f0xx_hal_smartcard_ex.o
 .debug_info    0x00000000       0x67 ..\obj\stm32f0xx_hal_smartcard_ex.o
 .debug_abbrev  0x00000000       0x24 ..\obj\stm32f0xx_hal_smartcard_ex.o
 .debug_aranges
                0x00000000       0x18 ..\obj\stm32f0xx_hal_smartcard_ex.o
 .debug_line    0x00000000       0x1d ..\obj\stm32f0xx_hal_smartcard_ex.o
 .debug_str     0x00000000      0x15c ..\obj\stm32f0xx_hal_smartcard_ex.o
 .comment       0x00000000       0x6f ..\obj\stm32f0xx_hal_smartcard_ex.o
 .ARM.attributes
                0x00000000       0x31 ..\obj\stm32f0xx_hal_smartcard_ex.o
 .text          0x00000000        0x0 ..\obj\stm32f0xx_hal_i2c_ex.o
 .data          0x00000000        0x0 ..\obj\stm32f0xx_hal_i2c_ex.o
 .bss           0x00000000        0x0 ..\obj\stm32f0xx_hal_i2c_ex.o
 .debug_info    0x00000000       0x67 ..\obj\stm32f0xx_hal_i2c_ex.o
 .debug_abbrev  0x00000000       0x24 ..\obj\stm32f0xx_hal_i2c_ex.o
 .debug_aranges
                0x00000000       0x18 ..\obj\stm32f0xx_hal_i2c_ex.o
 .debug_line    0x00000000       0x1d ..\obj\stm32f0xx_hal_i2c_ex.o
 .debug_str     0x00000000      0x156 ..\obj\stm32f0xx_hal_i2c_ex.o
 .comment       0x00000000       0x6f ..\obj\stm32f0xx_hal_i2c_ex.o
 .ARM.attributes
                0x00000000       0x31 ..\obj\stm32f0xx_hal_i2c_ex.o
 .text          0x00000000        0x0 ..\obj\stm32f0xx_hal_irda.o
 .data          0x00000000        0x0 ..\obj\stm32f0xx_hal_irda.o
 .bss           0x00000000        0x0 ..\obj\stm32f0xx_hal_irda.o
 .debug_info    0x00000000       0x67 ..\obj\stm32f0xx_hal_irda.o
 .debug_abbrev  0x00000000       0x24 ..\obj\stm32f0xx_hal_irda.o
 .debug_aranges
                0x00000000       0x18 ..\obj\stm32f0xx_hal_irda.o
 .debug_line    0x00000000       0x1d ..\obj\stm32f0xx_hal_irda.o
 .debug_str     0x00000000      0x154 ..\obj\stm32f0xx_hal_irda.o
 .comment       0x00000000       0x6f ..\obj\stm32f0xx_hal_irda.o
 .ARM.attributes
                0x00000000       0x31 ..\obj\stm32f0xx_hal_irda.o
 .text          0x00000000        0x0 ..\obj\stm32f0xx_hal_i2c.o
 .data          0x00000000        0x0 ..\obj\stm32f0xx_hal_i2c.o
 .bss           0x00000000        0x0 ..\obj\stm32f0xx_hal_i2c.o
 .debug_info    0x00000000       0x67 ..\obj\stm32f0xx_hal_i2c.o
 .debug_abbrev  0x00000000       0x24 ..\obj\stm32f0xx_hal_i2c.o
 .debug_aranges
                0x00000000       0x18 ..\obj\stm32f0xx_hal_i2c.o
 .debug_line    0x00000000       0x1d ..\obj\stm32f0xx_hal_i2c.o
 .debug_str     0x00000000      0x153 ..\obj\stm32f0xx_hal_i2c.o
 .comment       0x00000000       0x6f ..\obj\stm32f0xx_hal_i2c.o
 .ARM.attributes
                0x00000000       0x31 ..\obj\stm32f0xx_hal_i2c.o
 .data          0x00000000        0x0 ..\obj\stm32f0xx_hal_cortex.o
 .bss           0x00000000        0x0 ..\obj\stm32f0xx_hal_cortex.o
 .text          0x00000000        0x0 ..\obj\stm32f0xx_hal_smbus.o
 .data          0x00000000        0x0 ..\obj\stm32f0xx_hal_smbus.o
 .bss           0x00000000        0x0 ..\obj\stm32f0xx_hal_smbus.o
 .debug_info    0x00000000       0x67 ..\obj\stm32f0xx_hal_smbus.o
 .debug_abbrev  0x00000000       0x24 ..\obj\stm32f0xx_hal_smbus.o
 .debug_aranges
                0x00000000       0x18 ..\obj\stm32f0xx_hal_smbus.o
 .debug_line    0x00000000       0x1d ..\obj\stm32f0xx_hal_smbus.o
 .debug_str     0x00000000      0x155 ..\obj\stm32f0xx_hal_smbus.o
 .comment       0x00000000       0x6f ..\obj\stm32f0xx_hal_smbus.o
 .ARM.attributes
                0x00000000       0x31 ..\obj\stm32f0xx_hal_smbus.o
 .text          0x00000000        0x0 ..\obj\stm32f0xx_hal_dac_ex.o
 .data          0x00000000        0x0 ..\obj\stm32f0xx_hal_dac_ex.o
 .bss           0x00000000        0x0 ..\obj\stm32f0xx_hal_dac_ex.o
 .debug_info    0x00000000       0x67 ..\obj\stm32f0xx_hal_dac_ex.o
 .debug_abbrev  0x00000000       0x24 ..\obj\stm32f0xx_hal_dac_ex.o
 .debug_aranges
                0x00000000       0x18 ..\obj\stm32f0xx_hal_dac_ex.o
 .debug_line    0x00000000       0x1d ..\obj\stm32f0xx_hal_dac_ex.o
 .debug_str     0x00000000      0x156 ..\obj\stm32f0xx_hal_dac_ex.o
 .comment       0x00000000       0x6f ..\obj\stm32f0xx_hal_dac_ex.o
 .ARM.attributes
                0x00000000       0x31 ..\obj\stm32f0xx_hal_dac_ex.o
 .text          0x00000000        0x0 ..\obj\stm32f0xx_hal_adc.o
 .data          0x00000000        0x0 ..\obj\stm32f0xx_hal_adc.o
 .bss           0x00000000        0x0 ..\obj\stm32f0xx_hal_adc.o
 .debug_info    0x00000000       0x67 ..\obj\stm32f0xx_hal_adc.o
 .debug_abbrev  0x00000000       0x24 ..\obj\stm32f0xx_hal_adc.o
 .debug_aranges
                0x00000000       0x18 ..\obj\stm32f0xx_hal_adc.o
 .debug_line    0x00000000       0x1d ..\obj\stm32f0xx_hal_adc.o
 .debug_str     0x00000000      0x153 ..\obj\stm32f0xx_hal_adc.o
 .comment       0x00000000       0x6f ..\obj\stm32f0xx_hal_adc.o
 .ARM.attributes
                0x00000000       0x31 ..\obj\stm32f0xx_hal_adc.o
 .text          0x00000000        0x0 ..\obj\stm32f0xx_hal_smartcard.o
 .data          0x00000000        0x0 ..\obj\stm32f0xx_hal_smartcard.o
 .bss           0x00000000        0x0 ..\obj\stm32f0xx_hal_smartcard.o
 .debug_info    0x00000000       0x67 ..\obj\stm32f0xx_hal_smartcard.o
 .debug_abbrev  0x00000000       0x24 ..\obj\stm32f0xx_hal_smartcard.o
 .debug_aranges
                0x00000000       0x18 ..\obj\stm32f0xx_hal_smartcard.o
 .debug_line    0x00000000       0x1d ..\obj\stm32f0xx_hal_smartcard.o
 .debug_str     0x00000000      0x159 ..\obj\stm32f0xx_hal_smartcard.o
 .comment       0x00000000       0x6f ..\obj\stm32f0xx_hal_smartcard.o
 .ARM.attributes
                0x00000000       0x31 ..\obj\stm32f0xx_hal_smartcard.o
 .text          0x00000000        0x0 ..\obj\stm32f0xx_hal_comp.o
 .data          0x00000000        0x0 ..\obj\stm32f0xx_hal_comp.o
 .bss           0x00000000        0x0 ..\obj\stm32f0xx_hal_comp.o
 .debug_info    0x00000000       0x67 ..\obj\stm32f0xx_hal_comp.o
 .debug_abbrev  0x00000000       0x24 ..\obj\stm32f0xx_hal_comp.o
 .debug_aranges
                0x00000000       0x18 ..\obj\stm32f0xx_hal_comp.o
 .debug_line    0x00000000       0x1d ..\obj\stm32f0xx_hal_comp.o
 .debug_str     0x00000000      0x154 ..\obj\stm32f0xx_hal_comp.o
 .comment       0x00000000       0x6f ..\obj\stm32f0xx_hal_comp.o
 .ARM.attributes
                0x00000000       0x31 ..\obj\stm32f0xx_hal_comp.o
 .text          0x00000000      0x114 ..\obj\stm32f0xx_nucleo.o
 .data          0x00000000        0x8 ..\obj\stm32f0xx_nucleo.o
 .bss           0x00000000        0x0 ..\obj\stm32f0xx_nucleo.o
 .rodata        0x00000000        0x6 ..\obj\stm32f0xx_nucleo.o
 .debug_info    0x00000000      0x686 ..\obj\stm32f0xx_nucleo.o
 .debug_abbrev  0x00000000      0x1c5 ..\obj\stm32f0xx_nucleo.o
 .debug_loc     0x00000000      0x119 ..\obj\stm32f0xx_nucleo.o
 .debug_aranges
                0x00000000       0x20 ..\obj\stm32f0xx_nucleo.o
 .debug_line    0x00000000      0x268 ..\obj\stm32f0xx_nucleo.o
 .debug_str     0x00000000      0x54e ..\obj\stm32f0xx_nucleo.o
 .comment       0x00000000       0x6f ..\obj\stm32f0xx_nucleo.o
 .debug_frame   0x00000000       0xc0 ..\obj\stm32f0xx_nucleo.o
 .ARM.attributes
                0x00000000       0x31 ..\obj\stm32f0xx_nucleo.o
 .text          0x00000000        0x0 ..\obj\stm32f0xx_hal_pwr.o
 .data          0x00000000        0x0 ..\obj\stm32f0xx_hal_pwr.o
 .bss           0x00000000        0x0 ..\obj\stm32f0xx_hal_pwr.o
 .debug_info    0x00000000       0x67 ..\obj\stm32f0xx_hal_pwr.o
 .debug_abbrev  0x00000000       0x24 ..\obj\stm32f0xx_hal_pwr.o
 .debug_aranges
                0x00000000       0x18 ..\obj\stm32f0xx_hal_pwr.o
 .debug_line    0x00000000       0x1d ..\obj\stm32f0xx_hal_pwr.o
 .debug_str     0x00000000      0x153 ..\obj\stm32f0xx_hal_pwr.o
 .comment       0x00000000       0x6f ..\obj\stm32f0xx_hal_pwr.o
 .ARM.attributes
                0x00000000       0x31 ..\obj\stm32f0xx_hal_pwr.o
 .text          0x00000000        0x0 ..\obj\stm32f0xx_hal_rtc.o
 .data          0x00000000        0x0 ..\obj\stm32f0xx_hal_rtc.o
 .bss           0x00000000        0x0 ..\obj\stm32f0xx_hal_rtc.o
 .debug_info    0x00000000       0x67 ..\obj\stm32f0xx_hal_rtc.o
 .debug_abbrev  0x00000000       0x24 ..\obj\stm32f0xx_hal_rtc.o
 .debug_aranges
                0x00000000       0x18 ..\obj\stm32f0xx_hal_rtc.o
 .debug_line    0x00000000       0x1d ..\obj\stm32f0xx_hal_rtc.o
 .debug_str     0x00000000      0x153 ..\obj\stm32f0xx_hal_rtc.o
 .comment       0x00000000       0x6f ..\obj\stm32f0xx_hal_rtc.o
 .ARM.attributes
                0x00000000       0x31 ..\obj\stm32f0xx_hal_rtc.o
 .text          0x00000000        0x0 ..\obj\stm32f0xx_hal_pcd_ex.o
 .data          0x00000000        0x0 ..\obj\stm32f0xx_hal_pcd_ex.o
 .bss           0x00000000        0x0 ..\obj\stm32f0xx_hal_pcd_ex.o
 .debug_info    0x00000000       0x67 ..\obj\stm32f0xx_hal_pcd_ex.o
 .debug_abbrev  0x00000000       0x24 ..\obj\stm32f0xx_hal_pcd_ex.o
 .debug_aranges
                0x00000000       0x18 ..\obj\stm32f0xx_hal_pcd_ex.o
 .debug_line    0x00000000       0x1d ..\obj\stm32f0xx_hal_pcd_ex.o
 .debug_str     0x00000000      0x156 ..\obj\stm32f0xx_hal_pcd_ex.o
 .comment       0x00000000       0x6f ..\obj\stm32f0xx_hal_pcd_ex.o
 .ARM.attributes
                0x00000000       0x31 ..\obj\stm32f0xx_hal_pcd_ex.o
 .text          0x00000000        0x0 ..\obj\stm32f0xx_hal_dac.o
 .data          0x00000000        0x0 ..\obj\stm32f0xx_hal_dac.o
 .bss           0x00000000        0x0 ..\obj\stm32f0xx_hal_dac.o
 .debug_info    0x00000000       0x67 ..\obj\stm32f0xx_hal_dac.o
 .debug_abbrev  0x00000000       0x24 ..\obj\stm32f0xx_hal_dac.o
 .debug_aranges
                0x00000000       0x18 ..\obj\stm32f0xx_hal_dac.o
 .debug_line    0x00000000       0x1d ..\obj\stm32f0xx_hal_dac.o
 .debug_str     0x00000000      0x153 ..\obj\stm32f0xx_hal_dac.o
 .comment       0x00000000       0x6f ..\obj\stm32f0xx_hal_dac.o
 .ARM.attributes
                0x00000000       0x31 ..\obj\stm32f0xx_hal_dac.o
 .text          0x00000000        0x0 ..\obj\stm32f0xx_hal_crc.o
 .data          0x00000000        0x0 ..\obj\stm32f0xx_hal_crc.o
 .bss           0x00000000        0x0 ..\obj\stm32f0xx_hal_crc.o
 .debug_info    0x00000000       0x67 ..\obj\stm32f0xx_hal_crc.o
 .debug_abbrev  0x00000000       0x24 ..\obj\stm32f0xx_hal_crc.o
 .debug_aranges
                0x00000000       0x18 ..\obj\stm32f0xx_hal_crc.o
 .debug_line    0x00000000       0x1d ..\obj\stm32f0xx_hal_crc.o
 .debug_str     0x00000000      0x153 ..\obj\stm32f0xx_hal_crc.o
 .comment       0x00000000       0x6f ..\obj\stm32f0xx_hal_crc.o
 .ARM.attributes
                0x00000000       0x31 ..\obj\stm32f0xx_hal_crc.o
 .data          0x00000000        0x0 ..\obj\stm32f0xx_hal_rcc.o
 .bss           0x00000000        0x0 ..\obj\stm32f0xx_hal_rcc.o
 .text          0x00000000        0x0 ..\obj\stm32f0xx_hal_iwdg.o
 .data          0x00000000        0x0 ..\obj\stm32f0xx_hal_iwdg.o
 .bss           0x00000000        0x0 ..\obj\stm32f0xx_hal_iwdg.o
 .debug_info    0x00000000       0x67 ..\obj\stm32f0xx_hal_iwdg.o
 .debug_abbrev  0x00000000       0x24 ..\obj\stm32f0xx_hal_iwdg.o
 .debug_aranges
                0x00000000       0x18 ..\obj\stm32f0xx_hal_iwdg.o
 .debug_line    0x00000000       0x1d ..\obj\stm32f0xx_hal_iwdg.o
 .debug_str     0x00000000      0x154 ..\obj\stm32f0xx_hal_iwdg.o
 .comment       0x00000000       0x6f ..\obj\stm32f0xx_hal_iwdg.o
 .ARM.attributes
                0x00000000       0x31 ..\obj\stm32f0xx_hal_iwdg.o
 .text          0x00000000        0x0 ..\obj\stm32f0xx_hal_tim.o
 .data          0x00000000        0x0 ..\obj\stm32f0xx_hal_tim.o
 .bss           0x00000000        0x0 ..\obj\stm32f0xx_hal_tim.o
 .debug_info    0x00000000       0x67 ..\obj\stm32f0xx_hal_tim.o
 .debug_abbrev  0x00000000       0x24 ..\obj\stm32f0xx_hal_tim.o
 .debug_aranges
                0x00000000       0x18 ..\obj\stm32f0xx_hal_tim.o
 .debug_line    0x00000000       0x1d ..\obj\stm32f0xx_hal_tim.o
 .debug_str     0x00000000      0x153 ..\obj\stm32f0xx_hal_tim.o
 .comment       0x00000000       0x6f ..\obj\stm32f0xx_hal_tim.o
 .ARM.attributes
                0x00000000       0x31 ..\obj\stm32f0xx_hal_tim.o
 .text          0x00000000        0x0 ..\obj\stm32f0xx_hal_tsc.o
 .data          0x00000000        0x0 ..\obj\stm32f0xx_hal_tsc.o
 .bss           0x00000000        0x0 ..\obj\stm32f0xx_hal_tsc.o
 .debug_info    0x00000000       0x67 ..\obj\stm32f0xx_hal_tsc.o
 .debug_abbrev  0x00000000       0x24 ..\obj\stm32f0xx_hal_tsc.o
 .debug_aranges
                0x00000000       0x18 ..\obj\stm32f0xx_hal_tsc.o
 .debug_line    0x00000000       0x1d ..\obj\stm32f0xx_hal_tsc.o
 .debug_str     0x00000000      0x153 ..\obj\stm32f0xx_hal_tsc.o
 .comment       0x00000000       0x6f ..\obj\stm32f0xx_hal_tsc.o
 .ARM.attributes
                0x00000000       0x31 ..\obj\stm32f0xx_hal_tsc.o
 .data          0x00000000        0x0 ..\obj\stm32f0xx_hal_gpio.o
 .bss           0x00000000        0x0 ..\obj\stm32f0xx_hal_gpio.o
 .bss           0x00000000        0x0 ..\obj\system_stm32f0xx.o
 .text          0x00000000        0x0 ..\obj\stm32f0xx_hal_adc_ex.o
 .data          0x00000000        0x0 ..\obj\stm32f0xx_hal_adc_ex.o
 .bss           0x00000000        0x0 ..\obj\stm32f0xx_hal_adc_ex.o
 .debug_info    0x00000000       0x67 ..\obj\stm32f0xx_hal_adc_ex.o
 .debug_abbrev  0x00000000       0x24 ..\obj\stm32f0xx_hal_adc_ex.o
 .debug_aranges
                0x00000000       0x18 ..\obj\stm32f0xx_hal_adc_ex.o
 .debug_line    0x00000000       0x1d ..\obj\stm32f0xx_hal_adc_ex.o
 .debug_str     0x00000000      0x156 ..\obj\stm32f0xx_hal_adc_ex.o
 .comment       0x00000000       0x6f ..\obj\stm32f0xx_hal_adc_ex.o
 .ARM.attributes
                0x00000000       0x31 ..\obj\stm32f0xx_hal_adc_ex.o
 .data          0x00000000        0x0 ..\obj\stm32f0xx_hal_dma.o
 .bss           0x00000000        0x0 ..\obj\stm32f0xx_hal_dma.o
 .text          0x00000000      0x304 ..\obj\stm32f0xx_hal_flash_ex.o
 .data          0x00000000        0x0 ..\obj\stm32f0xx_hal_flash_ex.o
 .bss           0x00000000        0x0 ..\obj\stm32f0xx_hal_flash_ex.o
 .debug_info    0x00000000      0x948 ..\obj\stm32f0xx_hal_flash_ex.o
 .debug_abbrev  0x00000000      0x281 ..\obj\stm32f0xx_hal_flash_ex.o
 .debug_loc     0x00000000      0x46c ..\obj\stm32f0xx_hal_flash_ex.o
 .debug_aranges
                0x00000000       0x20 ..\obj\stm32f0xx_hal_flash_ex.o
 .debug_ranges  0x00000000       0x78 ..\obj\stm32f0xx_hal_flash_ex.o
 .debug_line    0x00000000      0x3bd ..\obj\stm32f0xx_hal_flash_ex.o
 .debug_str     0x00000000      0x5c6 ..\obj\stm32f0xx_hal_flash_ex.o
 .comment       0x00000000       0x6f ..\obj\stm32f0xx_hal_flash_ex.o
 .debug_frame   0x00000000       0xb4 ..\obj\stm32f0xx_hal_flash_ex.o
 .ARM.attributes
                0x00000000       0x31 ..\obj\stm32f0xx_hal_flash_ex.o
 .text          0x00000000        0x0 ..\obj\stm32f0xx_hal_pcd.o
 .data          0x00000000        0x0 ..\obj\stm32f0xx_hal_pcd.o
 .bss           0x00000000        0x0 ..\obj\stm32f0xx_hal_pcd.o
 .debug_info    0x00000000       0x67 ..\obj\stm32f0xx_hal_pcd.o
 .debug_abbrev  0x00000000       0x24 ..\obj\stm32f0xx_hal_pcd.o
 .debug_aranges
                0x00000000       0x18 ..\obj\stm32f0xx_hal_pcd.o
 .debug_line    0x00000000       0x1d ..\obj\stm32f0xx_hal_pcd.o
 .debug_str     0x00000000      0x153 ..\obj\stm32f0xx_hal_pcd.o
 .comment       0x00000000       0x6f ..\obj\stm32f0xx_hal_pcd.o
 .ARM.attributes
                0x00000000       0x31 ..\obj\stm32f0xx_hal_pcd.o
 .text          0x00000000        0x0 ..\obj\stm32f0xx_hal_i2s.o
 .data          0x00000000        0x0 ..\obj\stm32f0xx_hal_i2s.o
 .bss           0x00000000        0x0 ..\obj\stm32f0xx_hal_i2s.o
 .debug_info    0x00000000       0x67 ..\obj\stm32f0xx_hal_i2s.o
 .debug_abbrev  0x00000000       0x24 ..\obj\stm32f0xx_hal_i2s.o
 .debug_aranges
                0x00000000       0x18 ..\obj\stm32f0xx_hal_i2s.o
 .debug_line    0x00000000       0x1d ..\obj\stm32f0xx_hal_i2s.o
 .debug_str     0x00000000      0x153 ..\obj\stm32f0xx_hal_i2s.o
 .comment       0x00000000       0x6f ..\obj\stm32f0xx_hal_i2s.o
 .ARM.attributes
                0x00000000       0x31 ..\obj\stm32f0xx_hal_i2s.o
 .text          0x00000000        0x0 ..\obj\stm32f0xx_hal_cec.o
 .data          0x00000000        0x0 ..\obj\stm32f0xx_hal_cec.o
 .bss           0x00000000        0x0 ..\obj\stm32f0xx_hal_cec.o
 .debug_info    0x00000000       0x67 ..\obj\stm32f0xx_hal_cec.o
 .debug_abbrev  0x00000000       0x24 ..\obj\stm32f0xx_hal_cec.o
 .debug_aranges
                0x00000000       0x18 ..\obj\stm32f0xx_hal_cec.o
 .debug_line    0x00000000       0x1d ..\obj\stm32f0xx_hal_cec.o
 .debug_str     0x00000000      0x153 ..\obj\stm32f0xx_hal_cec.o
 .comment       0x00000000       0x6f ..\obj\stm32f0xx_hal_cec.o
 .ARM.attributes
                0x00000000       0x31 ..\obj\stm32f0xx_hal_cec.o
 .text          0x00000000        0x0 ..\obj\stm32f0xx_hal_tim_ex.o
 .data          0x00000000        0x0 ..\obj\stm32f0xx_hal_tim_ex.o
 .bss           0x00000000        0x0 ..\obj\stm32f0xx_hal_tim_ex.o
 .debug_info    0x00000000       0x67 ..\obj\stm32f0xx_hal_tim_ex.o
 .debug_abbrev  0x00000000       0x24 ..\obj\stm32f0xx_hal_tim_ex.o
 .debug_aranges
                0x00000000       0x18 ..\obj\stm32f0xx_hal_tim_ex.o
 .debug_line    0x00000000       0x1d ..\obj\stm32f0xx_hal_tim_ex.o
 .debug_str     0x00000000      0x156 ..\obj\stm32f0xx_hal_tim_ex.o
 .comment       0x00000000       0x6f ..\obj\stm32f0xx_hal_tim_ex.o
 .ARM.attributes
                0x00000000       0x31 ..\obj\stm32f0xx_hal_tim_ex.o
 .text          0x00000000        0x0 ..\obj\stm32f0xx_hal_pwr_ex.o
 .data          0x00000000        0x0 ..\obj\stm32f0xx_hal_pwr_ex.o
 .bss           0x00000000        0x0 ..\obj\stm32f0xx_hal_pwr_ex.o
 .debug_info    0x00000000       0x67 ..\obj\stm32f0xx_hal_pwr_ex.o
 .debug_abbrev  0x00000000       0x24 ..\obj\stm32f0xx_hal_pwr_ex.o
 .debug_aranges
                0x00000000       0x18 ..\obj\stm32f0xx_hal_pwr_ex.o
 .debug_line    0x00000000       0x1d ..\obj\stm32f0xx_hal_pwr_ex.o
 .debug_str     0x00000000      0x156 ..\obj\stm32f0xx_hal_pwr_ex.o
 .comment       0x00000000       0x6f ..\obj\stm32f0xx_hal_pwr_ex.o
 .ARM.attributes
                0x00000000       0x31 ..\obj\stm32f0xx_hal_pwr_ex.o
 .text          0x00000000        0x0 ..\obj\stm32f0xx_hal_spi.o
 .data          0x00000000        0x0 ..\obj\stm32f0xx_hal_spi.o
 .bss           0x00000000        0x0 ..\obj\stm32f0xx_hal_spi.o
 .debug_info    0x00000000       0x67 ..\obj\stm32f0xx_hal_spi.o
 .debug_abbrev  0x00000000       0x24 ..\obj\stm32f0xx_hal_spi.o
 .debug_aranges
                0x00000000       0x18 ..\obj\stm32f0xx_hal_spi.o
 .debug_line    0x00000000       0x1d ..\obj\stm32f0xx_hal_spi.o
 .debug_str     0x00000000      0x153 ..\obj\stm32f0xx_hal_spi.o
 .comment       0x00000000       0x6f ..\obj\stm32f0xx_hal_spi.o
 .ARM.attributes
                0x00000000       0x31 ..\obj\stm32f0xx_hal_spi.o
 .data          0x00000000        0x0 ..\obj\stm32f0xx_hal_rcc_ex.o
 .bss           0x00000000        0x0 ..\obj\stm32f0xx_hal_rcc_ex.o
 .data          0x00000000        0x0 ..\obj\stm32f0xx_hal.o
 .text          0x00000000        0x0 ..\obj\stm32f0xx_hal_rtc_ex.o
 .data          0x00000000        0x0 ..\obj\stm32f0xx_hal_rtc_ex.o
 .bss           0x00000000        0x0 ..\obj\stm32f0xx_hal_rtc_ex.o
 .debug_info    0x00000000       0x67 ..\obj\stm32f0xx_hal_rtc_ex.o
 .debug_abbrev  0x00000000       0x24 ..\obj\stm32f0xx_hal_rtc_ex.o
 .debug_aranges
                0x00000000       0x18 ..\obj\stm32f0xx_hal_rtc_ex.o
 .debug_line    0x00000000       0x1d ..\obj\stm32f0xx_hal_rtc_ex.o
 .debug_str     0x00000000      0x156 ..\obj\stm32f0xx_hal_rtc_ex.o
 .comment       0x00000000       0x6f ..\obj\stm32f0xx_hal_rtc_ex.o
 .ARM.attributes
                0x00000000       0x31 ..\obj\stm32f0xx_hal_rtc_ex.o
 .text          0x00000000      0x1b4 ..\obj\stm32f0xx_hal_uart_ex.o
 .data          0x00000000        0x0 ..\obj\stm32f0xx_hal_uart_ex.o
 .bss           0x00000000        0x0 ..\obj\stm32f0xx_hal_uart_ex.o
 .debug_info    0x00000000      0x7a2 ..\obj\stm32f0xx_hal_uart_ex.o
 .debug_abbrev  0x00000000      0x1dd ..\obj\stm32f0xx_hal_uart_ex.o
 .debug_loc     0x00000000      0x19c ..\obj\stm32f0xx_hal_uart_ex.o
 .debug_aranges
                0x00000000       0x20 ..\obj\stm32f0xx_hal_uart_ex.o
 .debug_line    0x00000000      0x2df ..\obj\stm32f0xx_hal_uart_ex.o
 .debug_str     0x00000000      0x755 ..\obj\stm32f0xx_hal_uart_ex.o
 .comment       0x00000000       0x6f ..\obj\stm32f0xx_hal_uart_ex.o
 .debug_frame   0x00000000       0x68 ..\obj\stm32f0xx_hal_uart_ex.o
 .ARM.attributes
                0x00000000       0x31 ..\obj\stm32f0xx_hal_uart_ex.o
 .data          0x00000000        0x0 ..\obj\stm32f0xx_it.o
 .bss           0x00000000        0x0 ..\obj\stm32f0xx_it.o
 .text          0x00000000       0x14 ..\obj\startup_stm32f030x8.o
 .data          0x00000000        0x0 ..\obj\startup_stm32f030x8.o
 .bss           0x00000000        0x0 ..\obj\startup_stm32f030x8.o
 .text          0x00000000        0x0 ..\obj\stm32f0xx_hal_can.o
 .data          0x00000000        0x0 ..\obj\stm32f0xx_hal_can.o
 .bss           0x00000000        0x0 ..\obj\stm32f0xx_hal_can.o
 .debug_info    0x00000000       0x67 ..\obj\stm32f0xx_hal_can.o
 .debug_abbrev  0x00000000       0x24 ..\obj\stm32f0xx_hal_can.o
 .debug_aranges
                0x00000000       0x18 ..\obj\stm32f0xx_hal_can.o
 .debug_line    0x00000000       0x1d ..\obj\stm32f0xx_hal_can.o
 .debug_str     0x00000000      0x153 ..\obj\stm32f0xx_hal_can.o
 .comment       0x00000000       0x6f ..\obj\stm32f0xx_hal_can.o
 .ARM.attributes
                0x00000000       0x31 ..\obj\stm32f0xx_hal_can.o
 .text          0x00000000        0x0 ..\obj\stm32f0xx_hal_wwdg.o
 .data          0x00000000        0x0 ..\obj\stm32f0xx_hal_wwdg.o
 .bss           0x00000000        0x0 ..\obj\stm32f0xx_hal_wwdg.o
 .debug_info    0x00000000       0x67 ..\obj\stm32f0xx_hal_wwdg.o
 .debug_abbrev  0x00000000       0x24 ..\obj\stm32f0xx_hal_wwdg.o
 .debug_aranges
                0x00000000       0x18 ..\obj\stm32f0xx_hal_wwdg.o
 .debug_line    0x00000000       0x1d ..\obj\stm32f0xx_hal_wwdg.o
 .debug_str     0x00000000      0x154 ..\obj\stm32f0xx_hal_wwdg.o
 .comment       0x00000000       0x6f ..\obj\stm32f0xx_hal_wwdg.o
 .ARM.attributes
                0x00000000       0x31 ..\obj\stm32f0xx_hal_wwdg.o
 .data          0x00000000        0x0 ..\obj\stm32f0xx_hal_msp_template.o
 .bss           0x00000000        0x0 ..\obj\stm32f0xx_hal_msp_template.o
 .data          0x00000000        0x0 c:/program files (x86)/gnu tools arm embedded/5.3 2016q1/bin/../lib/gcc/arm-none-eabi/5.3.1/armv6-m\libgcc.a(_thumb1_case_uqi.o)
 .bss           0x00000000        0x0 c:/program files (x86)/gnu tools arm embedded/5.3 2016q1/bin/../lib/gcc/arm-none-eabi/5.3.1/armv6-m\libgcc.a(_thumb1_case_uqi.o)
 .data          0x00000000        0x0 c:/program files (x86)/gnu tools arm embedded/5.3 2016q1/bin/../lib/gcc/arm-none-eabi/5.3.1/armv6-m\libgcc.a(_udivsi3.o)
 .bss           0x00000000        0x0 c:/program files (x86)/gnu tools arm embedded/5.3 2016q1/bin/../lib/gcc/arm-none-eabi/5.3.1/armv6-m\libgcc.a(_udivsi3.o)
 .data          0x00000000        0x0 c:/program files (x86)/gnu tools arm embedded/5.3 2016q1/bin/../lib/gcc/arm-none-eabi/5.3.1/armv6-m\libgcc.a(_dvmd_tls.o)
 .bss           0x00000000        0x0 c:/program files (x86)/gnu tools arm embedded/5.3 2016q1/bin/../lib/gcc/arm-none-eabi/5.3.1/armv6-m\libgcc.a(_dvmd_tls.o)
 .text          0x00000000       0x18 c:/program files (x86)/gnu tools arm embedded/5.3 2016q1/bin/../lib/gcc/arm-none-eabi/5.3.1/armv6-m\libgcc.a(_lshrdi3.o)
 .data          0x00000000        0x0 c:/program files (x86)/gnu tools arm embedded/5.3 2016q1/bin/../lib/gcc/arm-none-eabi/5.3.1/armv6-m\libgcc.a(_lshrdi3.o)
 .bss           0x00000000        0x0 c:/program files (x86)/gnu tools arm embedded/5.3 2016q1/bin/../lib/gcc/arm-none-eabi/5.3.1/armv6-m\libgcc.a(_lshrdi3.o)
 .ARM.attributes
                0x00000000       0x1e c:/program files (x86)/gnu tools arm embedded/5.3 2016q1/bin/../lib/gcc/arm-none-eabi/5.3.1/armv6-m\libgcc.a(_lshrdi3.o)
 .text          0x00000000        0x0 c:/program files (x86)/gnu tools arm embedded/5.3 2016q1/bin/../lib/gcc/arm-none-eabi/5.3.1/../../../../arm-none-eabi/lib/armv6-m\libg.a(lib_a-itoa.o)
 .data          0x00000000        0x0 c:/program files (x86)/gnu tools arm embedded/5.3 2016q1/bin/../lib/gcc/arm-none-eabi/5.3.1/../../../../arm-none-eabi/lib/armv6-m\libg.a(lib_a-itoa.o)
 .bss           0x00000000        0x0 c:/program files (x86)/gnu tools arm embedded/5.3 2016q1/bin/../lib/gcc/arm-none-eabi/5.3.1/../../../../arm-none-eabi/lib/armv6-m\libg.a(lib_a-itoa.o)
 .text          0x00000000        0x0 c:/program files (x86)/gnu tools arm embedded/5.3 2016q1/bin/../lib/gcc/arm-none-eabi/5.3.1/../../../../arm-none-eabi/lib/armv6-m\libg.a(lib_a-strcat.o)
 .data          0x00000000        0x0 c:/program files (x86)/gnu tools arm embedded/5.3 2016q1/bin/../lib/gcc/arm-none-eabi/5.3.1/../../../../arm-none-eabi/lib/armv6-m\libg.a(lib_a-strcat.o)
 .bss           0x00000000        0x0 c:/program files (x86)/gnu tools arm embedded/5.3 2016q1/bin/../lib/gcc/arm-none-eabi/5.3.1/../../../../arm-none-eabi/lib/armv6-m\libg.a(lib_a-strcat.o)
 .text          0x00000000        0x0 c:/program files (x86)/gnu tools arm embedded/5.3 2016q1/bin/../lib/gcc/arm-none-eabi/5.3.1/../../../../arm-none-eabi/lib/armv6-m\libg.a(lib_a-strcpy.o)
 .data          0x00000000        0x0 c:/program files (x86)/gnu tools arm embedded/5.3 2016q1/bin/../lib/gcc/arm-none-eabi/5.3.1/../../../../arm-none-eabi/lib/armv6-m\libg.a(lib_a-strcpy.o)
 .bss           0x00000000        0x0 c:/program files (x86)/gnu tools arm embedded/5.3 2016q1/bin/../lib/gcc/arm-none-eabi/5.3.1/../../../../arm-none-eabi/lib/armv6-m\libg.a(lib_a-strcpy.o)
 .text          0x00000000        0x0 c:/program files (x86)/gnu tools arm embedded/5.3 2016q1/bin/../lib/gcc/arm-none-eabi/5.3.1/../../../../arm-none-eabi/lib/armv6-m\libg.a(lib_a-utoa.o)
 .data          0x00000000        0x0 c:/program files (x86)/gnu tools arm embedded/5.3 2016q1/bin/../lib/gcc/arm-none-eabi/5.3.1/../../../../arm-none-eabi/lib/armv6-m\libg.a(lib_a-utoa.o)
 .bss           0x00000000        0x0 c:/program files (x86)/gnu tools arm embedded/5.3 2016q1/bin/../lib/gcc/arm-none-eabi/5.3.1/../../../../arm-none-eabi/lib/armv6-m\libg.a(lib_a-utoa.o)
 .text.utoa     0x00000000        0x8 c:/program files (x86)/gnu tools arm embedded/5.3 2016q1/bin/../lib/gcc/arm-none-eabi/5.3.1/../../../../arm-none-eabi/lib/armv6-m\libg.a(lib_a-utoa.o)
 .text          0x00000000        0x0 c:/program files (x86)/gnu tools arm embedded/5.3 2016q1/bin/../lib/gcc/arm-none-eabi/5.3.1/armv6-m/crtend.o
 .data          0x00000000        0x0 c:/program files (x86)/gnu tools arm embedded/5.3 2016q1/bin/../lib/gcc/arm-none-eabi/5.3.1/armv6-m/crtend.o
 .bss           0x00000000        0x0 c:/program files (x86)/gnu tools arm embedded/5.3 2016q1/bin/../lib/gcc/arm-none-eabi/5.3.1/armv6-m/crtend.o
 .eh_frame      0x00000000        0x4 c:/program files (x86)/gnu tools arm embedded/5.3 2016q1/bin/../lib/gcc/arm-none-eabi/5.3.1/armv6-m/crtend.o
 .jcr           0x00000000        0x4 c:/program files (x86)/gnu tools arm embedded/5.3 2016q1/bin/../lib/gcc/arm-none-eabi/5.3.1/armv6-m/crtend.o
 .ARM.attributes
                0x00000000       0x2c c:/program files (x86)/gnu tools arm embedded/5.3 2016q1/bin/../lib/gcc/arm-none-eabi/5.3.1/armv6-m/crtend.o
 .text          0x00000000        0x0 c:/program files (x86)/gnu tools arm embedded/5.3 2016q1/bin/../lib/gcc/arm-none-eabi/5.3.1/armv6-m/crtn.o
 .data          0x00000000        0x0 c:/program files (x86)/gnu tools arm embedded/5.3 2016q1/bin/../lib/gcc/arm-none-eabi/5.3.1/armv6-m/crtn.o
 .bss           0x00000000        0x0 c:/program files (x86)/gnu tools arm embedded/5.3 2016q1/bin/../lib/gcc/arm-none-eabi/5.3.1/armv6-m/crtn.o

Memory Configuration

Name             Origin             Length             Attributes
FLASH            0x08000000         0x00010000         xr
RAM              0x20000000         0x00002000         xrw
*default*        0x00000000         0xffffffff

Linker script and memory map

LOAD c:/program files (x86)/gnu tools arm embedded/5.3 2016q1/bin/../lib/gcc/arm-none-eabi/5.3.1/armv6-m/crti.o
LOAD c:/program files (x86)/gnu tools arm embedded/5.3 2016q1/bin/../lib/gcc/arm-none-eabi/5.3.1/armv6-m/crtbegin.o
LOAD c:/program files (x86)/gnu tools arm embedded/5.3 2016q1/bin/../lib/gcc/arm-none-eabi/5.3.1/../../../../arm-none-eabi/lib/armv6-m/crt0.o
                0x20001fff                _estack = 0x20001fff
                0x00000200                _Min_Heap_Size = 0x200
                0x00000400                _Min_Stack_Size = 0x400

.isr_vector     0x08000000       0xc0
                0x08000000                . = ALIGN (0x4)
 *(.isr_vector)
 .isr_vector    0x08000000       0xc0 ..\obj\startup_stm32f030x8.o
                0x08000000                g_pfnVectors
                0x080000c0                . = ALIGN (0x4)

.text           0x080000c0     0x2540
                0x080000c0                . = ALIGN (0x4)
 *(.text)
 .text          0x080000c0       0x60 c:/program files (x86)/gnu tools arm embedded/5.3 2016q1/bin/../lib/gcc/arm-none-eabi/5.3.1/armv6-m/crtbegin.o
 .text          0x08000120      0xb5c ..\obj\stm32f0xx_hal_uart.o
                0x08000120                HAL_UART_MspInit
                0x08000122                HAL_UART_MspDeInit
                0x08000124                HAL_UART_DeInit
                0x08000158                HAL_UART_Transmit_IT
                0x080001b6                HAL_UART_Receive_IT
                0x0800024c                HAL_UART_Transmit_DMA
                0x080002c8                HAL_UART_Receive_DMA
                0x08000348                HAL_UART_DMAPause
                0x08000398                HAL_UART_DMAStop
                0x080003e6                HAL_UART_TxCpltCallback
                0x080003e8                HAL_UART_TxHalfCpltCallback
                0x080003f4                HAL_UART_RxCpltCallback
                0x08000424                HAL_UART_RxHalfCpltCallback
                0x08000430                HAL_UART_ErrorCallback
                0x08000458                HAL_MultiProcessor_EnterMuteMode
                0x08000464                HAL_HalfDuplex_EnableTransmitter
                0x08000492                HAL_HalfDuplex_EnableReceiver
                0x080004c0                HAL_UART_GetState
                0x080004c6                HAL_UART_GetError
                0x080004ca                UART_Transmit_IT
                0x0800052e                UART_Receive_IT
                0x080005b8                UART_WaitOnFlagUntilTimeout
                0x08000648                HAL_UART_Transmit
                0x080006fe                HAL_UART_Receive
                0x08000828                UART_CheckIdleState
                0x0800087c                HAL_UART_DMAResume
                0x080008d2                HAL_MultiProcessor_EnableMuteMode
                0x08000900                HAL_MultiProcessor_DisableMuteMode
                0x08000930                UART_SetConfig
                0x08000a50                UART_AdvFeatureConfig
                0x08000b20                HAL_UART_Init
                0x08000b84                HAL_HalfDuplex_Init
                0x08000bf0                HAL_MultiProcessor_Init
 .text          0x08000c7c      0x188 ..\obj\stm32f0xx_hal_cortex.o
                0x08000c7c                HAL_NVIC_SetPriority
                0x08000cdc                HAL_NVIC_EnableIRQ
                0x08000cf0                HAL_NVIC_DisableIRQ
                0x08000d04                HAL_NVIC_SystemReset
                0x08000d1c                HAL_SYSTICK_Config
                0x08000d50                HAL_NVIC_GetPriority
                0x08000d94                HAL_NVIC_SetPendingIRQ
                0x08000da8                HAL_NVIC_GetPendingIRQ
                0x08000dc4                HAL_NVIC_ClearPendingIRQ
                0x08000ddc                HAL_SYSTICK_CLKSourceConfig
                0x08000df8                HAL_SYSTICK_Callback
                0x08000dfa                HAL_SYSTICK_IRQHandler
 .text          0x08000e04      0x204 ..\obj\stm32f0xx_hal_rcc.o
                0x08000e04                HAL_RCC_DeInit
                0x08000e4c                HAL_RCC_MCOConfig
                0x08000e94                HAL_RCC_EnableCSS
                0x08000ea8                HAL_RCC_DisableCSS
                0x08000ec0                HAL_RCC_GetHCLKFreq
                0x08000ee8                HAL_RCC_GetPCLK1Freq
                0x08000f08                HAL_RCC_GetOscConfig
                0x08000fb0                HAL_RCC_GetClockConfig
                0x08000fe8                HAL_RCC_CCSCallback
                0x08000fea                HAL_RCC_NMI_IRQHandler
 .text          0x08001008      0x280 ..\obj\stm32f0xx_hal_gpio.o
                0x08001008                HAL_GPIO_Init
                0x0800115c                HAL_GPIO_DeInit
                0x08001228                HAL_GPIO_ReadPin
                0x08001234                HAL_GPIO_WritePin
                0x0800123e                HAL_GPIO_TogglePin
                0x08001246                HAL_GPIO_LockPin
                0x0800126e                HAL_GPIO_EXTI_Callback
                0x08001270                HAL_GPIO_EXTI_IRQHandler
 .text          0x08001288       0xc0 ..\obj\system_stm32f0xx.o
                0x08001288                SystemInit
                0x080012e8                SystemCoreClockUpdate
 .text          0x08001348      0x544 ..\obj\stm32f0xx_hal_dma.o
                0x08001348                HAL_DMA_Init
                0x08001388                HAL_DMA_DeInit
                0x08001454                HAL_DMA_Start
                0x08001490                HAL_DMA_Start_IT
                0x080014e6                HAL_DMA_Abort
                0x08001532                HAL_DMA_PollForTransfer
                0x080016cc                HAL_DMA_IRQHandler
                0x08001880                HAL_DMA_GetState
                0x08001886                HAL_DMA_GetError
 .text          0x0800188c       0x8c ..\obj\main.o
                0x0800188c                Debouce_func
                0x080018b8                funcaoTratamentoInterrupcao
 .text          0x08001918      0x66c ..\obj\stm32f0xx_hal_rcc_ex.o
                0x08001918                HAL_RCC_OscConfig
                0x08001c98                HAL_RCC_ClockConfig
                0x08001e38                HAL_RCC_GetSysClockFreq
                0x08001e80                HAL_RCCEx_PeriphCLKConfig
                0x08001f58                HAL_RCCEx_GetPeriphCLKConfig
 .text          0x08001f84      0x124 ..\obj\stm32f0xx_hal.o
                0x08001f88                HAL_DeInit
                0x08001fac                HAL_InitTick
                0x08001fd0                HAL_Init
                0x08001ff0                HAL_IncTick
                0x08002000                HAL_GetTick
                0x0800200c                HAL_SuspendTick
                0x0800201c                HAL_ResumeTick
                0x0800202c                HAL_Delay
                0x08002044                HAL_GetHalVersion
                0x0800204c                HAL_GetREVID
                0x08002058                HAL_GetDEVID
                0x08002068                HAL_EnableDBGStopMode
                0x08002078                HAL_DisableDBGStopMode
                0x08002088                HAL_EnableDBGStandbyMode
                0x08002098                HAL_DisableDBGStandbyMode
 .text          0x080020a8       0x1c ..\obj\stm32f0xx_it.o
                0x080020a8                NMI_Handler
                0x080020aa                EXTI4_15_IRQHandler
                0x080020b6                HardFault_Handler
                0x080020b8                SVC_Handler
                0x080020ba                PendSV_Handler
                0x080020bc                SysTick_Handler
 .text          0x080020c4        0x8 ..\obj\stm32f0xx_hal_msp_template.o
                0x080020c4                HAL_MspInit
                0x080020c6                HAL_MspDeInit
                0x080020c8                HAL_PPP_MspInit
                0x080020ca                HAL_PPP_MspDeInit
 .text          0x080020cc       0x14 c:/program files (x86)/gnu tools arm embedded/5.3 2016q1/bin/../lib/gcc/arm-none-eabi/5.3.1/armv6-m\libgcc.a(_thumb1_case_uqi.o)
                0x080020cc                __gnu_thumb1_case_uqi
 .text          0x080020e0      0x114 c:/program files (x86)/gnu tools arm embedded/5.3 2016q1/bin/../lib/gcc/arm-none-eabi/5.3.1/armv6-m\libgcc.a(_udivsi3.o)
                0x080020e0                __aeabi_uidiv
                0x080020e0                __udivsi3
                0x080021ec                __aeabi_uidivmod
 .text          0x080021f4        0x4 c:/program files (x86)/gnu tools arm embedded/5.3 2016q1/bin/../lib/gcc/arm-none-eabi/5.3.1/armv6-m\libgcc.a(_dvmd_tls.o)
                0x080021f4                __aeabi_idiv0
                0x080021f4                __aeabi_ldiv0
 *(.text*)
 .text.__libc_init_array
                0x080021f8       0x48 c:/program files (x86)/gnu tools arm embedded/5.3 2016q1/bin/../lib/gcc/arm-none-eabi/5.3.1/../../../../arm-none-eabi/lib/armv6-m\libc.a(lib_a-init.o)
                0x080021f8                __libc_init_array
 .text.startup.register_fini
                0x08002240       0x18 c:/program files (x86)/gnu tools arm embedded/5.3 2016q1/bin/../lib/gcc/arm-none-eabi/5.3.1/../../../../arm-none-eabi/lib/armv6-m\libc.a(lib_a-__call_atexit.o)
 .text.atexit   0x08002258       0x10 c:/program files (x86)/gnu tools arm embedded/5.3 2016q1/bin/../lib/gcc/arm-none-eabi/5.3.1/../../../../arm-none-eabi/lib/armv6-m\libc.a(lib_a-atexit.o)
                0x08002258                atexit
 .text.__libc_fini_array
                0x08002268       0x34 c:/program files (x86)/gnu tools arm embedded/5.3 2016q1/bin/../lib/gcc/arm-none-eabi/5.3.1/../../../../arm-none-eabi/lib/armv6-m\libc.a(lib_a-fini.o)
                0x08002268                __libc_fini_array
 .text.__register_exitproc
                0x0800229c       0xd4 c:/program files (x86)/gnu tools arm embedded/5.3 2016q1/bin/../lib/gcc/arm-none-eabi/5.3.1/../../../../arm-none-eabi/lib/armv6-m\libc.a(lib_a-__atexit.o)
                0x0800229c                __register_exitproc
 .text.startup  0x08002370      0x100 ..\obj\main.o
                0x08002370                main
 .text.Reset_Handler
                0x08002470       0x50 ..\obj\startup_stm32f030x8.o
                0x08002470                Reset_Handler
 .text.Default_Handler
                0x080024c0        0x2 ..\obj\startup_stm32f030x8.o
                0x080024c0                TIM1_CC_IRQHandler
                0x080024c0                TIM6_IRQHandler
                0x080024c0                I2C1_IRQHandler
                0x080024c0                SPI1_IRQHandler
                0x080024c0                EXTI2_3_IRQHandler
                0x080024c0                ADC1_IRQHandler
                0x080024c0                I2C2_IRQHandler
                0x080024c0                TIM17_IRQHandler
                0x080024c0                RTC_IRQHandler
                0x080024c0                TIM16_IRQHandler
                0x080024c0                TIM3_IRQHandler
                0x080024c0                RCC_IRQHandler
                0x080024c0                DMA1_Channel1_IRQHandler
                0x080024c0                Default_Handler
                0x080024c0                TIM14_IRQHandler
                0x080024c0                DMA1_Channel4_5_IRQHandler
                0x080024c0                TIM15_IRQHandler
                0x080024c0                EXTI0_1_IRQHandler
                0x080024c0                SPI2_IRQHandler
                0x080024c0                WWDG_IRQHandler
                0x080024c0                DMA1_Channel2_3_IRQHandler
                0x080024c0                USART2_IRQHandler
                0x080024c0                FLASH_IRQHandler
                0x080024c0                USART1_IRQHandler
                0x080024c0                TIM1_BRK_UP_TRG_COM_IRQHandler
 *fill*         0x080024c2        0x2 
 .text.__itoa   0x080024c4       0x30 c:/program files (x86)/gnu tools arm embedded/5.3 2016q1/bin/../lib/gcc/arm-none-eabi/5.3.1/../../../../arm-none-eabi/lib/armv6-m\libg.a(lib_a-itoa.o)
                0x080024c4                __itoa
 .text.itoa     0x080024f4        0x8 c:/program files (x86)/gnu tools arm embedded/5.3 2016q1/bin/../lib/gcc/arm-none-eabi/5.3.1/../../../../arm-none-eabi/lib/armv6-m\libg.a(lib_a-itoa.o)
                0x080024f4                itoa
 .text.strcat   0x080024fc       0x50 c:/program files (x86)/gnu tools arm embedded/5.3 2016q1/bin/../lib/gcc/arm-none-eabi/5.3.1/../../../../arm-none-eabi/lib/armv6-m\libg.a(lib_a-strcat.o)
                0x080024fc                strcat
 .text.strcpy   0x0800254c       0x10 c:/program files (x86)/gnu tools arm embedded/5.3 2016q1/bin/../lib/gcc/arm-none-eabi/5.3.1/../../../../arm-none-eabi/lib/armv6-m\libg.a(lib_a-strcpy.o)
                0x0800254c                strcpy
 .text.__utoa   0x0800255c       0x8c c:/program files (x86)/gnu tools arm embedded/5.3 2016q1/bin/../lib/gcc/arm-none-eabi/5.3.1/../../../../arm-none-eabi/lib/armv6-m\libg.a(lib_a-utoa.o)
                0x0800255c                __utoa
 *(.glue_7)
 .glue_7        0x080025e8        0x0 linker stubs
 *(.glue_7t)
 .glue_7t       0x080025e8        0x0 linker stubs
 *(.eh_frame)
 .eh_frame      0x080025e8        0x0 c:/program files (x86)/gnu tools arm embedded/5.3 2016q1/bin/../lib/gcc/arm-none-eabi/5.3.1/armv6-m/crtbegin.o
 *(.init)
 .init          0x080025e8        0x4 c:/program files (x86)/gnu tools arm embedded/5.3 2016q1/bin/../lib/gcc/arm-none-eabi/5.3.1/armv6-m/crti.o
                0x080025e8                _init
 .init          0x080025ec        0x8 c:/program files (x86)/gnu tools arm embedded/5.3 2016q1/bin/../lib/gcc/arm-none-eabi/5.3.1/armv6-m/crtn.o
 *(.fini)
 .fini          0x080025f4        0x4 c:/program files (x86)/gnu tools arm embedded/5.3 2016q1/bin/../lib/gcc/arm-none-eabi/5.3.1/armv6-m/crti.o
                0x080025f4                _fini
 .fini          0x080025f8        0x8 c:/program files (x86)/gnu tools arm embedded/5.3 2016q1/bin/../lib/gcc/arm-none-eabi/5.3.1/armv6-m/crtn.o
                0x08002600                . = ALIGN (0x4)
                0x08002600                _etext = .

.vfp11_veneer   0x08002600        0x0
 .vfp11_veneer  0x08002600        0x0 linker stubs

.v4_bx          0x08002600        0x0
 .v4_bx         0x08002600        0x0 linker stubs

.iplt           0x08002600        0x0
 .iplt          0x08002600        0x0 c:/program files (x86)/gnu tools arm embedded/5.3 2016q1/bin/../lib/gcc/arm-none-eabi/5.3.1/armv6-m/crtbegin.o

.rodata         0x08002600       0x68
                0x08002600                . = ALIGN (0x4)
 *(.rodata)
 .rodata        0x08002600        0x4 ..\obj\stm32f0xx_hal_uart.o
 .rodata        0x08002604       0x10 ..\obj\stm32f0xx_hal_rcc.o
                0x08002604                APBAHBPrescTable
 .rodata        0x08002614       0x20 ..\obj\stm32f0xx_hal_rcc_ex.o
                0x08002614                PLLMULFactorTable
                0x08002624                PredivFactorTable
 *(.rodata*)
 .rodata.str1.4
                0x08002634        0x2 c:/program files (x86)/gnu tools arm embedded/5.3 2016q1/bin/../lib/gcc/arm-none-eabi/5.3.1/../../../../arm-none-eabi/lib/armv6-m\libc.a(lib_a-impure.o)
 *fill*         0x08002636        0x2 
 .rodata._global_impure_ptr
                0x08002638        0x4 c:/program files (x86)/gnu tools arm embedded/5.3 2016q1/bin/../lib/gcc/arm-none-eabi/5.3.1/../../../../arm-none-eabi/lib/armv6-m\libc.a(lib_a-impure.o)
                0x08002638                _global_impure_ptr
 .rodata.str1.1
                0x0800263c        0x4 ..\obj\main.o
 .rodata.str1.4
                0x08002640       0x28 c:/program files (x86)/gnu tools arm embedded/5.3 2016q1/bin/../lib/gcc/arm-none-eabi/5.3.1/../../../../arm-none-eabi/lib/armv6-m\libg.a(lib_a-utoa.o)
                                 0x25 (size before relaxing)
                0x08002668                . = ALIGN (0x4)

.rel.dyn        0x08002668        0x0
 .rel.iplt      0x08002668        0x0 c:/program files (x86)/gnu tools arm embedded/5.3 2016q1/bin/../lib/gcc/arm-none-eabi/5.3.1/armv6-m/crtbegin.o

.ARM.extab
 *(.ARM.extab* .gnu.linkonce.armextab.*)

.ARM            0x08002668        0x0
                0x08002668                __exidx_start = .
 *(.ARM.exidx*)
                0x08002668                __exidx_end = .

.preinit_array  0x08002668        0x0
                0x08002668                PROVIDE (__preinit_array_start, .)
 *(.preinit_array*)
                0x08002668                PROVIDE (__preinit_array_end, .)

.init_array     0x08002668        0x8
                0x08002668                PROVIDE (__init_array_start, .)
 *(SORT(.init_array.*))
 .init_array.00000
                0x08002668        0x4 c:/program files (x86)/gnu tools arm embedded/5.3 2016q1/bin/../lib/gcc/arm-none-eabi/5.3.1/../../../../arm-none-eabi/lib/armv6-m\libc.a(lib_a-__call_atexit.o)
 *(.init_array*)
 .init_array    0x0800266c        0x4 c:/program files (x86)/gnu tools arm embedded/5.3 2016q1/bin/../lib/gcc/arm-none-eabi/5.3.1/armv6-m/crtbegin.o
                0x08002670                PROVIDE (__init_array_end, .)

.fini_array     0x08002670        0x4
                0x08002670                PROVIDE (__fini_array_start, .)
 *(SORT(.fini_array.*))
 *(.fini_array*)
 .fini_array    0x08002670        0x4 c:/program files (x86)/gnu tools arm embedded/5.3 2016q1/bin/../lib/gcc/arm-none-eabi/5.3.1/armv6-m/crtbegin.o
                0x08002674                PROVIDE (__fini_array_end, .)
                0x08002674                _sidata = LOADADDR (.data)

.data           0x20000000      0x478 load address 0x08002674
                0x20000000                . = ALIGN (0x4)
                0x20000000                _sdata = .
 *(.data)
 .data          0x20000000       0x14 ..\obj\system_stm32f0xx.o
                0x20000000                SystemCoreClock
                0x20000004                AHBPrescTable
 .data          0x20000014       0x38 ..\obj\main.o
                0x20000014                Buffer
                0x20000048                valorVelhoContador
 *(.data*)
 *fill*         0x2000004c        0x4 
 .data.impure_data
                0x20000050      0x428 c:/program files (x86)/gnu tools arm embedded/5.3 2016q1/bin/../lib/gcc/arm-none-eabi/5.3.1/../../../../arm-none-eabi/lib/armv6-m\libc.a(lib_a-impure.o)
                0x20000478                . = ALIGN (0x4)
                0x20000478                _edata = .

.jcr            0x20000478        0x0 load address 0x08002aec
 .jcr           0x20000478        0x0 c:/program files (x86)/gnu tools arm embedded/5.3 2016q1/bin/../lib/gcc/arm-none-eabi/5.3.1/armv6-m/crtbegin.o

.igot.plt       0x20000478        0x0 load address 0x08002aec
 .igot.plt      0x20000478        0x0 c:/program files (x86)/gnu tools arm embedded/5.3 2016q1/bin/../lib/gcc/arm-none-eabi/5.3.1/armv6-m/crtbegin.o
                0x20000478                . = ALIGN (0x4)

.bss            0x20000478       0xa8 load address 0x08002aec
                0x20000478                _sbss = .
                0x20000478                __bss_start__ = _sbss
 *(.bss)
 .bss           0x20000478       0x1c c:/program files (x86)/gnu tools arm embedded/5.3 2016q1/bin/../lib/gcc/arm-none-eabi/5.3.1/armv6-m/crtbegin.o
 .bss           0x20000494       0x18 ..\obj\main.o
                0x200004a8                contador
 .bss           0x200004ac        0x4 ..\obj\stm32f0xx_hal.o
 *(.bss*)
 *(COMMON)
 COMMON         0x200004b0       0x70 ..\obj\main.o
                0x200004b0                UartHandle
                0x20000520                . = ALIGN (0x4)
                0x20000520                _ebss = .
                0x20000520                __bss_end__ = _ebss

._user_heap_stack
                0x20000520      0x600 load address 0x08002aec
                0x20000520                . = ALIGN (0x4)
                [!provide]                PROVIDE (end, .)
                [!provide]                PROVIDE (_end, .)
                0x20000720                . = (. + _Min_Heap_Size)
 *fill*         0x20000520      0x200 
                0x20000b20                . = (. + _Min_Stack_Size)
 *fill*         0x20000720      0x400 
                0x20000b20                . = ALIGN (0x4)

/DISCARD/
 libc.a(*)
 libm.a(*)
 libgcc.a(*)

.ARM.attributes
                0x00000000       0x28
 *(.ARM.attributes)
 .ARM.attributes
                0x00000000       0x1e c:/program files (x86)/gnu tools arm embedded/5.3 2016q1/bin/../lib/gcc/arm-none-eabi/5.3.1/armv6-m/crti.o
 .ARM.attributes
                0x0000001e       0x2c c:/program files (x86)/gnu tools arm embedded/5.3 2016q1/bin/../lib/gcc/arm-none-eabi/5.3.1/armv6-m/crtbegin.o
 .ARM.attributes
                0x0000004a       0x31 ..\obj\stm32f0xx_hal_uart.o
 .ARM.attributes
                0x0000007b       0x31 ..\obj\stm32f0xx_hal_cortex.o
 .ARM.attributes
                0x000000ac       0x31 ..\obj\stm32f0xx_hal_rcc.o
 .ARM.attributes
                0x000000dd       0x31 ..\obj\stm32f0xx_hal_gpio.o
 .ARM.attributes
                0x0000010e       0x31 ..\obj\system_stm32f0xx.o
 .ARM.attributes
                0x0000013f       0x31 ..\obj\stm32f0xx_hal_dma.o
 .ARM.attributes
                0x00000170       0x31 ..\obj\main.o
 .ARM.attributes
                0x000001a1       0x31 ..\obj\stm32f0xx_hal_rcc_ex.o
 .ARM.attributes
                0x000001d2       0x31 ..\obj\stm32f0xx_hal.o
 .ARM.attributes
                0x00000203       0x31 ..\obj\stm32f0xx_it.o
 .ARM.attributes
                0x00000234       0x21 ..\obj\startup_stm32f030x8.o
 .ARM.attributes
                0x00000255       0x31 ..\obj\stm32f0xx_hal_msp_template.o
 .ARM.attributes
                0x00000286       0x1e c:/program files (x86)/gnu tools arm embedded/5.3 2016q1/bin/../lib/gcc/arm-none-eabi/5.3.1/armv6-m\libgcc.a(_thumb1_case_uqi.o)
 .ARM.attributes
                0x000002a4       0x1e c:/program files (x86)/gnu tools arm embedded/5.3 2016q1/bin/../lib/gcc/arm-none-eabi/5.3.1/armv6-m\libgcc.a(_udivsi3.o)
 .ARM.attributes
                0x000002c2       0x1e c:/program files (x86)/gnu tools arm embedded/5.3 2016q1/bin/../lib/gcc/arm-none-eabi/5.3.1/armv6-m\libgcc.a(_dvmd_tls.o)
 .ARM.attributes
                0x000002e0       0x2c c:/program files (x86)/gnu tools arm embedded/5.3 2016q1/bin/../lib/gcc/arm-none-eabi/5.3.1/../../../../arm-none-eabi/lib/armv6-m\libg.a(lib_a-itoa.o)
 .ARM.attributes
                0x0000030c       0x2c c:/program files (x86)/gnu tools arm embedded/5.3 2016q1/bin/../lib/gcc/arm-none-eabi/5.3.1/../../../../arm-none-eabi/lib/armv6-m\libg.a(lib_a-strcat.o)
 .ARM.attributes
                0x00000338       0x2c c:/program files (x86)/gnu tools arm embedded/5.3 2016q1/bin/../lib/gcc/arm-none-eabi/5.3.1/../../../../arm-none-eabi/lib/armv6-m\libg.a(lib_a-strcpy.o)
 .ARM.attributes
                0x00000364       0x2c c:/program files (x86)/gnu tools arm embedded/5.3 2016q1/bin/../lib/gcc/arm-none-eabi/5.3.1/../../../../arm-none-eabi/lib/armv6-m\libg.a(lib_a-utoa.o)
 .ARM.attributes
                0x00000390       0x1e c:/program files (x86)/gnu tools arm embedded/5.3 2016q1/bin/../lib/gcc/arm-none-eabi/5.3.1/armv6-m/crtn.o
LOAD ..\obj\stm32f0xx_hal_flash.o
LOAD ..\obj\stm32f0xx_hal_uart.o
LOAD ..\obj\stm32f0xx_hal_usart.o
LOAD ..\obj\stm32f0xx_hal_crc_ex.o
LOAD ..\obj\stm32f0xx_hal_smartcard_ex.o
LOAD ..\obj\stm32f0xx_hal_i2c_ex.o
LOAD ..\obj\stm32f0xx_hal_irda.o
LOAD ..\obj\stm32f0xx_hal_i2c.o
LOAD ..\obj\stm32f0xx_hal_cortex.o
LOAD ..\obj\stm32f0xx_hal_smbus.o
LOAD ..\obj\stm32f0xx_hal_dac_ex.o
LOAD ..\obj\stm32f0xx_hal_adc.o
LOAD ..\obj\stm32f0xx_hal_smartcard.o
LOAD ..\obj\stm32f0xx_hal_comp.o
LOAD ..\obj\stm32f0xx_nucleo.o
LOAD ..\obj\stm32f0xx_hal_pwr.o
LOAD ..\obj\stm32f0xx_hal_rtc.o
LOAD ..\obj\stm32f0xx_hal_pcd_ex.o
LOAD ..\obj\stm32f0xx_hal_dac.o
LOAD ..\obj\stm32f0xx_hal_crc.o
LOAD ..\obj\stm32f0xx_hal_rcc.o
LOAD ..\obj\stm32f0xx_hal_iwdg.o
LOAD ..\obj\stm32f0xx_hal_tim.o
LOAD ..\obj\stm32f0xx_hal_tsc.o
LOAD ..\obj\stm32f0xx_hal_gpio.o
LOAD ..\obj\system_stm32f0xx.o
LOAD ..\obj\stm32f0xx_hal_adc_ex.o
LOAD ..\obj\stm32f0xx_hal_dma.o
LOAD ..\obj\stm32f0xx_hal_flash_ex.o
LOAD ..\obj\stm32f0xx_hal_pcd.o
LOAD ..\obj\stm32f0xx_hal_i2s.o
LOAD ..\obj\main.o
LOAD ..\obj\stm32f0xx_hal_cec.o
LOAD ..\obj\stm32f0xx_hal_tim_ex.o
LOAD ..\obj\stm32f0xx_hal_pwr_ex.o
LOAD ..\obj\stm32f0xx_hal_spi.o
LOAD ..\obj\stm32f0xx_hal_rcc_ex.o
LOAD ..\obj\stm32f0xx_hal.o
LOAD ..\obj\stm32f0xx_hal_rtc_ex.o
LOAD ..\obj\stm32f0xx_hal_uart_ex.o
LOAD ..\obj\stm32f0xx_it.o
LOAD ..\obj\startup_stm32f030x8.o
LOAD ..\obj\stm32f0xx_hal_can.o
LOAD ..\obj\stm32f0xx_hal_wwdg.o
LOAD ..\obj\stm32f0xx_hal_msp_template.o
LOAD c:/program files (x86)/gnu tools arm embedded/5.3 2016q1/bin/../lib/gcc/arm-none-eabi/5.3.1/../../../../arm-none-eabi/lib/armv6-m\libstdc++.a
START GROUP
LOAD c:/program files (x86)/gnu tools arm embedded/5.3 2016q1/bin/../lib/gcc/arm-none-eabi/5.3.1/armv6-m\libgcc.a
LOAD c:/program files (x86)/gnu tools arm embedded/5.3 2016q1/bin/../lib/gcc/arm-none-eabi/5.3.1/../../../../arm-none-eabi/lib/armv6-m\libg.a
LOAD c:/program files (x86)/gnu tools arm embedded/5.3 2016q1/bin/../lib/gcc/arm-none-eabi/5.3.1/../../../../arm-none-eabi/lib/armv6-m\libc.a
END GROUP
LOAD c:/program files (x86)/gnu tools arm embedded/5.3 2016q1/bin/../lib/gcc/arm-none-eabi/5.3.1/armv6-m/crtend.o
LOAD c:/program files (x86)/gnu tools arm embedded/5.3 2016q1/bin/../lib/gcc/arm-none-eabi/5.3.1/armv6-m/crtn.o
OUTPUT(firmware.elf elf32-littlearm)

.debug_info     0x00000000     0x48a6
 .debug_info    0x00000000     0x1124 ..\obj\stm32f0xx_hal_uart.o
 .debug_info    0x00001124      0x751 ..\obj\stm32f0xx_hal_cortex.o
 .debug_info    0x00001875      0x67f ..\obj\stm32f0xx_hal_rcc.o
 .debug_info    0x00001ef4      0x5b9 ..\obj\stm32f0xx_hal_gpio.o
 .debug_info    0x000024ad      0x214 ..\obj\system_stm32f0xx.o
 .debug_info    0x000026c1      0x605 ..\obj\stm32f0xx_hal_dma.o
 .debug_info    0x00002cc6      0xd23 ..\obj\main.o
 .debug_info    0x000039e9      0x71c ..\obj\stm32f0xx_hal_rcc_ex.o
 .debug_info    0x00004105      0x569 ..\obj\stm32f0xx_hal.o
 .debug_info    0x0000466e      0x10a ..\obj\stm32f0xx_it.o
 .debug_info    0x00004778       0xa8 ..\obj\startup_stm32f030x8.o
 .debug_info    0x00004820       0x86 ..\obj\stm32f0xx_hal_msp_template.o

.debug_abbrev   0x00000000     0x1262
 .debug_abbrev  0x00000000      0x22d ..\obj\stm32f0xx_hal_uart.o
 .debug_abbrev  0x0000022d      0x271 ..\obj\stm32f0xx_hal_cortex.o
 .debug_abbrev  0x0000049e      0x1db ..\obj\stm32f0xx_hal_rcc.o
 .debug_abbrev  0x00000679      0x1c6 ..\obj\stm32f0xx_hal_gpio.o
 .debug_abbrev  0x0000083f       0xee ..\obj\system_stm32f0xx.o
 .debug_abbrev  0x0000092d      0x1c6 ..\obj\stm32f0xx_hal_dma.o
 .debug_abbrev  0x00000af3      0x264 ..\obj\main.o
 .debug_abbrev  0x00000d57      0x1df ..\obj\stm32f0xx_hal_rcc_ex.o
 .debug_abbrev  0x00000f36      0x202 ..\obj\stm32f0xx_hal.o
 .debug_abbrev  0x00001138       0xcf ..\obj\stm32f0xx_it.o
 .debug_abbrev  0x00001207       0x12 ..\obj\startup_stm32f030x8.o
 .debug_abbrev  0x00001219       0x49 ..\obj\stm32f0xx_hal_msp_template.o

.debug_loc      0x00000000     0x2088
 .debug_loc     0x00000000      0xd5a ..\obj\stm32f0xx_hal_uart.o
 .debug_loc     0x00000d5a      0x3cc ..\obj\stm32f0xx_hal_cortex.o
 .debug_loc     0x00001126       0xb0 ..\obj\stm32f0xx_hal_rcc.o
 .debug_loc     0x000011d6      0x2e6 ..\obj\stm32f0xx_hal_gpio.o
 .debug_loc     0x000014bc       0xf6 ..\obj\system_stm32f0xx.o
 .debug_loc     0x000015b2      0x4f8 ..\obj\stm32f0xx_hal_dma.o
 .debug_loc     0x00001aaa       0xce ..\obj\main.o
 .debug_loc     0x00001b78      0x4a6 ..\obj\stm32f0xx_hal_rcc_ex.o
 .debug_loc     0x0000201e       0x6a ..\obj\stm32f0xx_hal.o

.debug_aranges  0x00000000      0x190
 .debug_aranges
                0x00000000       0x20 ..\obj\stm32f0xx_hal_uart.o
 .debug_aranges
                0x00000020       0x20 ..\obj\stm32f0xx_hal_cortex.o
 .debug_aranges
                0x00000040       0x20 ..\obj\stm32f0xx_hal_rcc.o
 .debug_aranges
                0x00000060       0x20 ..\obj\stm32f0xx_hal_gpio.o
 .debug_aranges
                0x00000080       0x20 ..\obj\system_stm32f0xx.o
 .debug_aranges
                0x000000a0       0x20 ..\obj\stm32f0xx_hal_dma.o
 .debug_aranges
                0x000000c0       0x28 ..\obj\main.o
 .debug_aranges
                0x000000e8       0x20 ..\obj\stm32f0xx_hal_rcc_ex.o
 .debug_aranges
                0x00000108       0x20 ..\obj\stm32f0xx_hal.o
 .debug_aranges
                0x00000128       0x20 ..\obj\stm32f0xx_it.o
 .debug_aranges
                0x00000148       0x28 ..\obj\startup_stm32f030x8.o
 .debug_aranges
                0x00000170       0x20 ..\obj\stm32f0xx_hal_msp_template.o

.debug_line     0x00000000     0x2507
 .debug_line    0x00000000      0x799 ..\obj\stm32f0xx_hal_uart.o
 .debug_line    0x00000799      0x2f4 ..\obj\stm32f0xx_hal_cortex.o
 .debug_line    0x00000a8d      0x2e6 ..\obj\stm32f0xx_hal_rcc.o
 .debug_line    0x00000d73      0x345 ..\obj\stm32f0xx_hal_gpio.o
 .debug_line    0x000010b8      0x1b9 ..\obj\system_stm32f0xx.o
 .debug_line    0x00001271      0x529 ..\obj\stm32f0xx_hal_dma.o
 .debug_line    0x0000179a      0x34a ..\obj\main.o
 .debug_line    0x00001ae4      0x423 ..\obj\stm32f0xx_hal_rcc_ex.o
 .debug_line    0x00001f07      0x2ea ..\obj\stm32f0xx_hal.o
 .debug_line    0x000021f1      0x1d4 ..\obj\stm32f0xx_it.o
 .debug_line    0x000023c5       0xab ..\obj\startup_stm32f030x8.o
 .debug_line    0x00002470       0x97 ..\obj\stm32f0xx_hal_msp_template.o

.debug_str      0x00000000     0x18a1
 .debug_str     0x00000000      0x9a2 ..\obj\stm32f0xx_hal_uart.o
                                0xa63 (size before relaxing)
 .debug_str     0x000009a2      0x3bf ..\obj\stm32f0xx_hal_cortex.o
                                0x579 (size before relaxing)
 .debug_str     0x00000d61      0x335 ..\obj\stm32f0xx_hal_rcc.o
                                0x530 (size before relaxing)
 .debug_str     0x00001096      0x174 ..\obj\stm32f0xx_hal_gpio.o
                                0x3af (size before relaxing)
 .debug_str     0x0000120a       0x7f ..\obj\system_stm32f0xx.o
                                0x20c (size before relaxing)
 .debug_str     0x00001289      0x14e ..\obj\stm32f0xx_hal_dma.o
                                0x4a2 (size before relaxing)
 .debug_str     0x000013d7       0xfb ..\obj\main.o
                                0xa97 (size before relaxing)
 .debug_str     0x000014d2      0x16c ..\obj\stm32f0xx_hal_rcc_ex.o
                                0x4cb (size before relaxing)
 .debug_str     0x0000163e      0x16b ..\obj\stm32f0xx_hal.o
                                0x535 (size before relaxing)
 .debug_str     0x000017a9       0x80 ..\obj\stm32f0xx_it.o
                                0x1b2 (size before relaxing)
 .debug_str     0x00001829       0x78 ..\obj\stm32f0xx_hal_msp_template.o
                                0x16e (size before relaxing)

.comment        0x00000000       0x6e
 .comment       0x00000000       0x6e ..\obj\stm32f0xx_hal_uart.o
                                 0x6f (size before relaxing)
 .comment       0x0000006e       0x6f ..\obj\stm32f0xx_hal_cortex.o
 .comment       0x0000006e       0x6f ..\obj\stm32f0xx_hal_rcc.o
 .comment       0x0000006e       0x6f ..\obj\stm32f0xx_hal_gpio.o
 .comment       0x0000006e       0x6f ..\obj\system_stm32f0xx.o
 .comment       0x0000006e       0x6f ..\obj\stm32f0xx_hal_dma.o
 .comment       0x0000006e       0x6f ..\obj\main.o
 .comment       0x0000006e       0x6f ..\obj\stm32f0xx_hal_rcc_ex.o
 .comment       0x0000006e       0x6f ..\obj\stm32f0xx_hal.o
 .comment       0x0000006e       0x6f ..\obj\stm32f0xx_it.o
 .comment       0x0000006e       0x6f ..\obj\stm32f0xx_hal_msp_template.o

.debug_frame    0x00000000      0xbc4
 .debug_frame   0x00000000      0x3b4 ..\obj\stm32f0xx_hal_uart.o
 .debug_frame   0x000003b4       0xe4 ..\obj\stm32f0xx_hal_cortex.o
 .debug_frame   0x00000498      0x10c ..\obj\stm32f0xx_hal_rcc.o
 .debug_frame   0x000005a4       0xc0 ..\obj\stm32f0xx_hal_gpio.o
 .debug_frame   0x00000664       0x3c ..\obj\system_stm32f0xx.o
 .debug_frame   0x000006a0      0x100 ..\obj\stm32f0xx_hal_dma.o
 .debug_frame   0x000007a0       0x68 ..\obj\main.o
 .debug_frame   0x00000808       0xa8 ..\obj\stm32f0xx_hal_rcc_ex.o
 .debug_frame   0x000008b0      0x144 ..\obj\stm32f0xx_hal.o
 .debug_frame   0x000009f4       0x80 ..\obj\stm32f0xx_it.o
 .debug_frame   0x00000a74       0x50 ..\obj\stm32f0xx_hal_msp_template.o
 .debug_frame   0x00000ac4       0x20 c:/program files (x86)/gnu tools arm embedded/5.3 2016q1/bin/../lib/gcc/arm-none-eabi/5.3.1/armv6-m\libgcc.a(_udivsi3.o)
 .debug_frame   0x00000ae4       0x40 c:/program files (x86)/gnu tools arm embedded/5.3 2016q1/bin/../lib/gcc/arm-none-eabi/5.3.1/../../../../arm-none-eabi/lib/armv6-m\libg.a(lib_a-itoa.o)
 .debug_frame   0x00000b24       0x2c c:/program files (x86)/gnu tools arm embedded/5.3 2016q1/bin/../lib/gcc/arm-none-eabi/5.3.1/../../../../arm-none-eabi/lib/armv6-m\libg.a(lib_a-strcat.o)
 .debug_frame   0x00000b50       0x20 c:/program files (x86)/gnu tools arm embedded/5.3 2016q1/bin/../lib/gcc/arm-none-eabi/5.3.1/../../../../arm-none-eabi/lib/armv6-m\libg.a(lib_a-strcpy.o)
 .debug_frame   0x00000b70       0x54 c:/program files (x86)/gnu tools arm embedded/5.3 2016q1/bin/../lib/gcc/arm-none-eabi/5.3.1/../../../../arm-none-eabi/lib/armv6-m\libg.a(lib_a-utoa.o)

.debug_ranges   0x00000000       0xb8
 .debug_ranges  0x00000000       0x80 ..\obj\stm32f0xx_hal_cortex.o
 .debug_ranges  0x00000080       0x18 ..\obj\main.o
 .debug_ranges  0x00000098       0x20 ..\obj\startup_stm32f030x8.o
